Component: Arm Compiler for Embedded 6.22 Tool: armlink [5ee90200]

==============================================================================

Section Cross References

    startup_stm32h743xx.o(RESET) refers to startup_stm32h743xx.o(STACK) for __initial_sp
    startup_stm32h743xx.o(RESET) refers to startup_stm32h743xx.o(.text) for Reset_Handler
    startup_stm32h743xx.o(RESET) refers to stm32h7xx_it.o(.text.NMI_Handler) for NMI_Handler
    startup_stm32h743xx.o(RESET) refers to stm32h7xx_it.o(.text.HardFault_Handler) for HardFault_Handler
    startup_stm32h743xx.o(RESET) refers to stm32h7xx_it.o(.text.MemManage_Handler) for MemManage_Handler
    startup_stm32h743xx.o(RESET) refers to stm32h7xx_it.o(.text.BusFault_Handler) for BusFault_Handler
    startup_stm32h743xx.o(RESET) refers to stm32h7xx_it.o(.text.UsageFault_Handler) for UsageFault_Handler
    startup_stm32h743xx.o(RESET) refers to stm32h7xx_it.o(.text.SVC_Handler) for SVC_Handler
    startup_stm32h743xx.o(RESET) refers to stm32h7xx_it.o(.text.DebugMon_Handler) for DebugMon_Handler
    startup_stm32h743xx.o(RESET) refers to stm32h7xx_it.o(.text.PendSV_Handler) for PendSV_Handler
    startup_stm32h743xx.o(RESET) refers to stm32h7xx_it.o(.text.SysTick_Handler) for SysTick_Handler
    startup_stm32h743xx.o(RESET) refers to bsp_exti.o(.text.EXTI0_IRQHandler) for EXTI0_IRQHandler
    startup_stm32h743xx.o(RESET) refers to stm32h7xx_it.o(.text.TIM1_UP_IRQHandler) for TIM1_UP_IRQHandler
    startup_stm32h743xx.o(RESET) refers to bsp_exti.o(.text.EXTI15_10_IRQHandler) for EXTI15_10_IRQHandler
    startup_stm32h743xx.o(RESET) refers to stm32h7xx_it.o(.text.USART6_IRQHandler) for USART6_IRQHandler
    startup_stm32h743xx.o(.text) refers to system_stm32h7xx_1.o(.text.SystemInit) for SystemInit
    startup_stm32h743xx.o(.text) refers to entry.o(.ARM.Collect$$$$00000000) for __main
    stm32h7xx_hal_cortex.o(.ARM.exidx.text.HAL_NVIC_SetPriorityGrouping) refers to stm32h7xx_hal_cortex.o(.text.HAL_NVIC_SetPriorityGrouping) for [Anonymous Symbol]
    stm32h7xx_hal_cortex.o(.ARM.exidx.text.HAL_NVIC_SetPriority) refers to stm32h7xx_hal_cortex.o(.text.HAL_NVIC_SetPriority) for [Anonymous Symbol]
    stm32h7xx_hal_cortex.o(.ARM.exidx.text.HAL_NVIC_EnableIRQ) refers to stm32h7xx_hal_cortex.o(.text.HAL_NVIC_EnableIRQ) for [Anonymous Symbol]
    stm32h7xx_hal_cortex.o(.ARM.exidx.text.HAL_NVIC_DisableIRQ) refers to stm32h7xx_hal_cortex.o(.text.HAL_NVIC_DisableIRQ) for [Anonymous Symbol]
    stm32h7xx_hal_cortex.o(.text.HAL_NVIC_SystemReset) refers to stm32h7xx_hal_cortex.o(.text.__NVIC_SystemReset) for __NVIC_SystemReset
    stm32h7xx_hal_cortex.o(.ARM.exidx.text.HAL_NVIC_SystemReset) refers to stm32h7xx_hal_cortex.o(.text.HAL_NVIC_SystemReset) for [Anonymous Symbol]
    stm32h7xx_hal_cortex.o(.ARM.exidx.text.__NVIC_SystemReset) refers to stm32h7xx_hal_cortex.o(.text.__NVIC_SystemReset) for [Anonymous Symbol]
    stm32h7xx_hal_cortex.o(.ARM.exidx.text.HAL_SYSTICK_Config) refers to stm32h7xx_hal_cortex.o(.text.HAL_SYSTICK_Config) for [Anonymous Symbol]
    stm32h7xx_hal_cortex.o(.ARM.exidx.text.HAL_MPU_Disable) refers to stm32h7xx_hal_cortex.o(.text.HAL_MPU_Disable) for [Anonymous Symbol]
    stm32h7xx_hal_cortex.o(.ARM.exidx.text.HAL_MPU_Enable) refers to stm32h7xx_hal_cortex.o(.text.HAL_MPU_Enable) for [Anonymous Symbol]
    stm32h7xx_hal_cortex.o(.ARM.exidx.text.HAL_MPU_ConfigRegion) refers to stm32h7xx_hal_cortex.o(.text.HAL_MPU_ConfigRegion) for [Anonymous Symbol]
    stm32h7xx_hal_cortex.o(.ARM.exidx.text.HAL_NVIC_GetPriorityGrouping) refers to stm32h7xx_hal_cortex.o(.text.HAL_NVIC_GetPriorityGrouping) for [Anonymous Symbol]
    stm32h7xx_hal_cortex.o(.ARM.exidx.text.HAL_NVIC_GetPriority) refers to stm32h7xx_hal_cortex.o(.text.HAL_NVIC_GetPriority) for [Anonymous Symbol]
    stm32h7xx_hal_cortex.o(.ARM.exidx.text.HAL_NVIC_SetPendingIRQ) refers to stm32h7xx_hal_cortex.o(.text.HAL_NVIC_SetPendingIRQ) for [Anonymous Symbol]
    stm32h7xx_hal_cortex.o(.ARM.exidx.text.HAL_NVIC_GetPendingIRQ) refers to stm32h7xx_hal_cortex.o(.text.HAL_NVIC_GetPendingIRQ) for [Anonymous Symbol]
    stm32h7xx_hal_cortex.o(.ARM.exidx.text.HAL_NVIC_ClearPendingIRQ) refers to stm32h7xx_hal_cortex.o(.text.HAL_NVIC_ClearPendingIRQ) for [Anonymous Symbol]
    stm32h7xx_hal_cortex.o(.ARM.exidx.text.HAL_NVIC_GetActive) refers to stm32h7xx_hal_cortex.o(.text.HAL_NVIC_GetActive) for [Anonymous Symbol]
    stm32h7xx_hal_cortex.o(.ARM.exidx.text.HAL_SYSTICK_CLKSourceConfig) refers to stm32h7xx_hal_cortex.o(.text.HAL_SYSTICK_CLKSourceConfig) for [Anonymous Symbol]
    stm32h7xx_hal_cortex.o(.text.HAL_SYSTICK_IRQHandler) refers to stm32h7xx_hal_cortex.o(.text.HAL_SYSTICK_Callback) for HAL_SYSTICK_Callback
    stm32h7xx_hal_cortex.o(.ARM.exidx.text.HAL_SYSTICK_IRQHandler) refers to stm32h7xx_hal_cortex.o(.text.HAL_SYSTICK_IRQHandler) for [Anonymous Symbol]
[...]
    .text                                    0x0800043c   Section       48  init.o(.text)
    [Anonymous Symbol]                       0x08000470   Section        0  bsp_blt_usart.o(.text.BLT_USART_Config)
    [Anonymous Symbol]                       0x08000538   Section        0  bsp_blt_usart.o(.text.BLT_Usart_SendString)
    [Anonymous Symbol]                       0x08000560   Section        0  stm32h7xx_it.o(.text.BusFault_Handler)
    [Anonymous Symbol]                       0x08000568   Section        0  core_delay.o(.text.CPU_TS_Tmr_Delay_US)
    [Anonymous Symbol]                       0x080005c0   Section        0  gui_paint.o(.text.Clock_init)
    [Anonymous Symbol]                       0x080005e8   Section        0  bsp_debug_usart.o(.text.DEBUG_USART_Config)
    [Anonymous Symbol]                       0x080006b8   Section        0  rgbmatrix_device.o(.text.DWT_Init)
    [Anonymous Symbol]                       0x080006e8   Section        0  stm32h7xx_it.o(.text.DebugMon_Handler)
    [Anonymous Symbol]                       0x080006f0   Section        0  bsp_exti.o(.text.EXTI0_IRQHandler)
    [Anonymous Symbol]                       0x08000718   Section        0  bsp_exti.o(.text.EXTI15_10_IRQHandler)
    [Anonymous Symbol]                       0x08000740   Section        0  main.o(.text.Error_Handler)
    [Anonymous Symbol]                       0x08000750   Section        0  stm32h7xx_hal_dma.o(.text.HAL_DMA_Abort_IT)
    [Anonymous Symbol]                       0x08000990   Section        0  stm32h7xx_hal_gpio.o(.text.HAL_GPIO_Init)
    [Anonymous Symbol]                       0x08000b30   Section        0  stm32h7xx_hal_gpio.o(.text.HAL_GPIO_ReadPin)
    [Anonymous Symbol]                       0x08000b40   Section        0  stm32h7xx_hal_gpio.o(.text.HAL_GPIO_WritePin)
    [Anonymous Symbol]                       0x08000b50   Section        0  stm32h7xx_hal.o(.text.HAL_GetREVID)
    [Anonymous Symbol]                       0x08000b60   Section        0  core_delay.o(.text.HAL_GetTick)
    [Anonymous Symbol]                       0x08000b80   Section        0  stm32h7xx_hal.o(.text.HAL_Init)
    [Anonymous Symbol]                       0x08000be8   Section        0  core_delay.o(.text.HAL_InitTick)
    [Anonymous Symbol]                       0x08000c10   Section        0  stm32h7xx_hal_msp.o(.text.HAL_MspInit)
    [Anonymous Symbol]                       0x08000c30   Section        0  stm32h7xx_hal_cortex.o(.text.HAL_NVIC_EnableIRQ)
    [Anonymous Symbol]                       0x08000c58   Section        0  stm32h7xx_hal_cortex.o(.text.HAL_NVIC_SetPriority)
    [Anonymous Symbol]                       0x08000cb8   Section        0  stm32h7xx_hal_cortex.o(.text.HAL_NVIC_SetPriorityGrouping)
    [Anonymous Symbol]                       0x08000cd8   Section        0  stm32h7xx_hal_rcc_ex.o(.text.HAL_RCCEx_GetD1SysClockFreq)
    [Anonymous Symbol]                       0x08000d08   Section        0  stm32h7xx_hal_rcc_ex.o(.text.HAL_RCCEx_GetD3PCLK1Freq)
    [Anonymous Symbol]                       0x08000d30   Section        0  stm32h7xx_hal_rcc_ex.o(.text.HAL_RCCEx_GetPLL2ClockFreq)
    [Anonymous Symbol]                       0x08000e60   Section        0  stm32h7xx_hal_rcc_ex.o(.text.HAL_RCCEx_GetPLL3ClockFreq)
    [Anonymous Symbol]                       0x08000f90   Section        0  stm32h7xx_hal_rcc_ex.o(.text.HAL_RCCEx_PeriphCLKConfig)
    [Anonymous Symbol]                       0x08001be0   Section        0  stm32h7xx_hal_rcc.o(.text.HAL_RCC_ClockConfig)
    [Anonymous Symbol]                       0x08001e18   Section        0  stm32h7xx_hal_rcc.o(.text.HAL_RCC_GetHCLKFreq)
    [Anonymous Symbol]                       0x08001e48   Section        0  stm32h7xx_hal_rcc.o(.text.HAL_RCC_GetPCLK1Freq)
    [Anonymous Symbol]                       0x08001e88   Section        0  stm32h7xx_hal_rcc.o(.text.HAL_RCC_GetPCLK2Freq)
    [Anonymous Symbol]                       0x08001ec8   Section        0  stm32h7xx_hal_rcc.o(.text.HAL_RCC_GetSysClockFreq)
    [Anonymous Symbol]                       0x08001fe0   Section        0  stm32h7xx_hal_rcc.o(.text.HAL_RCC_OscConfig)
    [Anonymous Symbol]                       0x080024a8   Section        0  stm32h7xx_hal_cortex.o(.text.HAL_SYSTICK_Config)
    [Anonymous Symbol]                       0x080024d8   Section        0  stm32h7xx_hal_tim_ex.o(.text.HAL_TIMEx_Break2Callback)
    [Anonymous Symbol]                       0x080024e0   Section        0  stm32h7xx_hal_tim_ex.o(.text.HAL_TIMEx_BreakCallback)
    [Anonymous Symbol]                       0x080024e8   Section        0  stm32h7xx_hal_tim_ex.o(.text.HAL_TIMEx_CommutCallback)
    [Anonymous Symbol]                       0x080024f0   Section        0  stm32h7xx_hal_tim_ex.o(.text.HAL_TIMEx_MasterConfigSynchronization)
    [Anonymous Symbol]                       0x08002550   Section        0  stm32h7xx_hal_tim.o(.text.HAL_TIM_Base_Init)
    [Anonymous Symbol]                       0x08002588   Section        0  tim.o(.text.HAL_TIM_Base_MspInit)
    [Anonymous Symbol]                       0x080025d0   Section        0  stm32h7xx_hal_tim.o(.text.HAL_TIM_Base_Start_IT)
    [Anonymous Symbol]                       0x08002600   Section        0  stm32h7xx_hal_tim.o(.text.HAL_TIM_ConfigClockSource)
    [Anonymous Symbol]                       0x080027e8   Section        0  stm32h7xx_hal_tim.o(.text.HAL_TIM_IC_CaptureCallback)
    [Anonymous Symbol]                       0x080027f0   Section        0  stm32h7xx_hal_tim.o(.text.HAL_TIM_IRQHandler)
    [Anonymous Symbol]                       0x08002980   Section        0  stm32h7xx_hal_tim.o(.text.HAL_TIM_OC_DelayElapsedCallback)
    [Anonymous Symbol]                       0x08002988   Section        0  stm32h7xx_hal_tim.o(.text.HAL_TIM_PWM_PulseFinishedCallback)
    [Anonymous Symbol]                       0x08002990   Section        0  tim.o(.text.HAL_TIM_PeriodElapsedCallback)
    [Anonymous Symbol]                       0x08002aa0   Section        0  stm32h7xx_hal_tim.o(.text.HAL_TIM_TriggerCallback)
    [Anonymous Symbol]                       0x08002aa8   Section        0  stm32h7xx_hal_uart_ex.o(.text.HAL_UARTEx_RxFifoFullCallback)
    [Anonymous Symbol]                       0x08002ab0   Section        0  stm32h7xx_hal_uart_ex.o(.text.HAL_UARTEx_TxFifoEmptyCallback)
    [Anonymous Symbol]                       0x08002ab8   Section        0  stm32h7xx_hal_uart_ex.o(.text.HAL_UARTEx_WakeupCallback)
    [Anonymous Symbol]                       0x08002ac0   Section        0  stm32h7xx_hal_uart.o(.text.HAL_UART_ErrorCallback)
    [Anonymous Symbol]                       0x08002ac8   Section        0  stm32h7xx_hal_uart.o(.text.HAL_UART_IRQHandler)
    [Anonymous Symbol]                       0x08002cd0   Section        0  stm32h7xx_hal_uart.o(.text.HAL_UART_Init)
    [Anonymous Symbol]                       0x08002d38   Section        0  usart.o(.text.HAL_UART_MspInit)
    [Anonymous Symbol]                       0x08002db8   Section        0  stm32h7xx_hal_uart.o(.text.HAL_UART_Receive)
    [Anonymous Symbol]                       0x08002eb8   Section        0  stm32h7xx_hal_uart.o(.text.HAL_UART_Transmit)
    [Anonymous Symbol]                       0x08002f90   Section        0  stm32h7xx_hal_uart.o(.text.HAL_UART_TxCpltCallback)
    [Anonymous Symbol]                       0x08002f98   Section        0  bsp_hc05.o(.text.HC05_Init)
    [Anonymous Symbol]                       0x08003048   Section        0  bsp_hc05.o(.text.HC05_SendString)
    [Anonymous Symbol]                       0x08003068   Section        0  bsp_hc05.o(.text.HC05_Send_CMD)
    [Anonymous Symbol]                       0x080034b8   Section        0  rgbmatrix_device.o(.text.HUB75_Init)
    [Anonymous Symbol]                       0x080034f8   Section        0  rgbmatrix_device.o(.text.HUB75_show)
    [Anonymous Symbol]                       0x08003518   Section        0  stm32h7xx_it.o(.text.HardFault_Handler)
    [Anonymous Symbol]                       0x08003520   Section        0  bsp_key.o(.text.Key_GPIO_Config)
    [Anonymous Symbol]                       0x08003580   Section        0  bsp_key.o(.text.Key_Scan)
    [Anonymous Symbol]                       0x080035a8   Section        0  bsp_led.o(.text.LED_GPIO_Config)
    [Anonymous Symbol]                       0x08003648   Section        0  gpio.o(.text.MX_GPIO_Init)
    [Anonymous Symbol]                       0x080037b0   Section        0  tim.o(.text.MX_TIM1_Init)
    [Anonymous Symbol]                       0x08003828   Section        0  usart.o(.text.MX_USART2_UART_Init)
    [Anonymous Symbol]                       0x08003868   Section        0  stm32h7xx_it.o(.text.MemManage_Handler)
    [Anonymous Symbol]                       0x08003870   Section        0  stm32h7xx_it.o(.text.NMI_Handler)
    [Anonymous Symbol]                       0x08003878   Section        0  gui_paint.o(.text.Paint_Clear)
    [Anonymous Symbol]                       0x08003918   Section        0  gui_paint.o(.text.Paint_DrawChar)
    [Anonymous Symbol]                       0x08003cd8   Section        0  gui_paint.o(.text.Paint_DrawCircle)
    [Anonymous Symbol]                       0x08004818   Section        0  gui_paint.o(.text.Paint_DrawPoint)
    [Anonymous Symbol]                       0x080049c0   Section        0  gui_paint.o(.text.Paint_DrawRectangle)
    [Anonymous Symbol]                       0x08004c50   Section        0  gui_paint.o(.text.Paint_NewImage)
    [Anonymous Symbol]                       0x08004ca0   Section        0  gui_paint.o(.text.Paint_SetPixel)
    [Anonymous Symbol]                       0x08004d98   Section        0  gui_paint.o(.text.Paint_System_Start)
    [Anonymous Symbol]                       0x080055c0   Section        0  stm32h7xx_it.o(.text.PendSV_Handler)
    RCCEx_PLL2_Config                        0x080055c9   Thumb Code   290  stm32h7xx_hal_rcc_ex.o(.text.RCCEx_PLL2_Config)
    [Anonymous Symbol]                       0x080055c8   Section        0  stm32h7xx_hal_rcc_ex.o(.text.RCCEx_PLL2_Config)
    RCCEx_PLL3_Config                        0x080056f1   Thumb Code   290  stm32h7xx_hal_rcc_ex.o(.text.RCCEx_PLL3_Config)
    [Anonymous Symbol]                       0x080056f0   Section        0  stm32h7xx_hal_rcc_ex.o(.text.RCCEx_PLL3_Config)
    [Anonymous Symbol]                       0x08005818   Section        0  rgbmatrix_device.o(.text.RGBMatrixWrite_565Data)
    [Anonymous Symbol]                       0x08005da0   Section        0  stm32h7xx_it.o(.text.SVC_Handler)
    [Anonymous Symbol]                       0x08005da8   Section        0  stm32h7xx_it.o(.text.SysTick_Handler)
    [Anonymous Symbol]                       0x08005de0   Section        0  bsp_systick.o(.text.SysTick_Init)
    [Anonymous Symbol]                       0x08005e10   Section        0  bsp_clkconfig.o(.text.SystemClock_Config)
    [Anonymous Symbol]                       0x08005ed8   Section        0  system_stm32h7xx_1.o(.text.SystemInit)
    [Anonymous Symbol]                       0x08005f88   Section        0  stm32h7xx_it.o(.text.TIM1_UP_IRQHandler)
    [Anonymous Symbol]                       0x08005f98   Section        0  stm32h7xx_hal_tim.o(.text.TIM_Base_SetConfig)
    [Anonymous Symbol]                       0x080060e8   Section        0  bsp_systick.o(.text.TimeStamp_Increment)
    [Anonymous Symbol]                       0x080060f8   Section        0  bsp_systick.o(.text.TimingDelay_Decrement)
    [Anonymous Symbol]                       0x08006110   Section        0  stm32h7xx_hal_uart.o(.text.UART_AdvFeatureConfig)
    [Anonymous Symbol]                       0x080061f0   Section        0  stm32h7xx_hal_uart.o(.text.UART_CheckIdleState)
    UART_DMAAbortOnError                     0x080062d9   Thumb Code    16  stm32h7xx_hal_uart.o(.text.UART_DMAAbortOnError)
    [Anonymous Symbol]                       0x080062d8   Section        0  stm32h7xx_hal_uart.o(.text.UART_DMAAbortOnError)
    [Anonymous Symbol]                       0x080062e8   Section        0  stm32h7xx_hal_uart.o(.text.UART_SetConfig)
    [Anonymous Symbol]                       0x080069f8   Section        0  stm32h7xx_hal_uart.o(.text.UART_WaitOnFlagUntilTimeout)
    [Anonymous Symbol]                       0x08006af0   Section        0  stm32h7xx_it.o(.text.USART6_IRQHandler)
    [Anonymous Symbol]                       0x08006af8   Section        0  stm32h7xx_it.o(.text.UsageFault_Handler)
    [Anonymous Symbol]                       0x08006b00   Section        0  rgbmatrix_device.o(.text.Wheel)
    [Anonymous Symbol]                       0x08006b38   Section        0  bsp_blt_usart.o(.text.bsp_USART_Process)
    [Anonymous Symbol]                       0x08006bb8   Section        0  bsp_blt_usart.o(.text.clean_rebuff)
    [Anonymous Symbol]                       0x08006bd8   Section        0  bsp_debug_usart.o(.text.fputc)
    [Anonymous Symbol]                       0x08006bf8   Section        0  bsp_hc05.o(.text.getRemoteDeviceName)
    [Anonymous Symbol]                       0x08006da0   Section        0  bsp_hc05.o(.text.get_line)
    [Anonymous Symbol]                       0x08006e08   Section        0  bsp_blt_usart.o(.text.get_rebuff)
    [Anonymous Symbol]                       0x08006e20   Section        0  bsp_systick.o(.text.get_tick_count)
    [Anonymous Symbol]                       0x08006e38   Section        0  bsp_hc05.o(.text.linkHC05)
    [Anonymous Symbol]                       0x08006fe8   Section        0  main.o(.text.main)
    [Anonymous Symbol]                       0x08007608   Section        0  bsp_hc05.o(.text.parseBluetoothAddress)
    i.__0printf$8                            0x08007948   Section        0  printf8.o(i.__0printf$8)
    i.__0sprintf$8                           0x08007968   Section        0  printf8.o(i.__0sprintf$8)
    i.__scatterload_copy                     0x08007990   Section       14  handlers.o(i.__scatterload_copy)
    i.__scatterload_null                     0x0800799e   Section        2  handlers.o(i.__scatterload_null)
    i.__scatterload_zeroinit                 0x080079a0   Section       14  handlers.o(i.__scatterload_zeroinit)
    _printf_core                             0x080079b1   Thumb Code   996  printf8.o(i._printf_core)
    i._printf_core                           0x080079b0   Section        0  printf8.o(i._printf_core)
    _printf_post_padding                     0x08007dc1   Thumb Code    36  printf8.o(i._printf_post_padding)
    i._printf_post_padding                   0x08007dc0   Section        0  printf8.o(i._printf_post_padding)
    _printf_pre_padding                      0x08007de5   Thumb Code    46  printf8.o(i._printf_pre_padding)
    i._printf_pre_padding                    0x08007de4   Section        0  printf8.o(i._printf_pre_padding)
    _sputc                                   0x08007e13   Thumb Code    10  printf8.o(i._sputc)
    i._sputc                                 0x08007e12   Section        0  printf8.o(i._sputc)
    i.malloc                                 0x08007e1c   Section        0  malloc.o(i.malloc)
    i.puts                                   0x08007e88   Section        0  puts.o(i.puts)
    .Lswitch.table.UART_SetConfig.37         0x08007eac   Data          44  stm32h7xx_hal_uart.o(.rodata..Lswitch.table.UART_SetConfig.37)
    .Lswitch.table.UART_SetConfig.38         0x08007ed8   Data          22  stm32h7xx_hal_uart.o(.rodata..Lswitch.table.UART_SetConfig.38)
    .Lswitch.table.UART_SetConfig.5          0x08007eee   Data           6  stm32h7xx_hal_uart.o(.rodata..Lswitch.table.UART_SetConfig.5)
    .Lswitch.table.UART_SetConfig.7          0x08007ef4   Data           6  stm32h7xx_hal_uart.o(.rodata..Lswitch.table.UART_SetConfig.7)
    .L.str.11                                0x08008aea   Data          12  main.o(.rodata.str1.1)
    [Anonymous Symbol]                       0x08008aea   Section        0  main.o(.rodata.str1.1)
    .L.str.13                                0x08008af6   Data          13  main.o(.rodata.str1.1)
    .L.str.33                                0x08008b03   Data          12  main.o(.rodata.str1.1)
    .L.str.14                                0x08008b0f   Data          17  main.o(.rodata.str1.1)
    .L.str.6                                 0x08008b20   Data          14  main.o(.rodata.str1.1)
    .L.str.20                                0x08008b2e   Data          10  main.o(.rodata.str1.1)
    .L.str.24                                0x08008b38   Data          16  main.o(.rodata.str1.1)
    .L.str.22                                0x08008b48   Data          15  main.o(.rodata.str1.1)
    .L.str.5                                 0x08008b57   Data          10  main.o(.rodata.str1.1)
    .L.str.19                                0x08008b61   Data           9  main.o(.rodata.str1.1)
    .L.str.4                                 0x08008b6a   Data          11  main.o(.rodata.str1.1)
    .L.str.12                                0x08008b75   Data          10  main.o(.rodata.str1.1)
    .L.str.26                                0x08008b7f   Data          34  main.o(.rodata.str1.1)
    .L.str.15                                0x08008ba1   Data          13  main.o(.rodata.str1.1)
    .L.str.25                                0x08008bae   Data          30  main.o(.rodata.str1.1)
    .L.str.35                                0x08008bcc   Data          33  main.o(.rodata.str1.1)
    .L.str.28                                0x08008bed   Data          33  main.o(.rodata.str1.1)
    .L.str.30                                0x08008c0e   Data          38  main.o(.rodata.str1.1)
    .L.str.16                                0x08008c34   Data          51  main.o(.rodata.str1.1)
    .Lstr.42                                 0x08008c67   Data          37  main.o(.rodata.str1.1)
    .Lstr.38                                 0x08008c8c   Data          36  main.o(.rodata.str1.1)
    .L.str.23                                0x08008cb6   Data          12  main.o(.rodata.str1.1)
    .L.str.21                                0x08008cc2   Data          11  main.o(.rodata.str1.1)
    .L.str.29                                0x08008cd4   Data          11  main.o(.rodata.str1.1)
    .L.str.31                                0x08008cdf   Data          16  main.o(.rodata.str1.1)
    .Lstr.37                                 0x08008cef   Data          35  main.o(.rodata.str1.1)
    .Lstr.36                                 0x08008d12   Data          88  main.o(.rodata.str1.1)
    .Lstr.41                                 0x08008d6a   Data          30  main.o(.rodata.str1.1)
    .L.str.3                                 0x08008d88   Data           7  gui_paint.o(.rodata.str1.1)
    .Lstr.27                                 0x08008d88   Data          60  gui_paint.o(.rodata.str1.1)
    [Anonymous Symbol]                       0x08008d88   Section        0  gui_paint.o(.rodata.str1.1)
    .L.str.4                                 0x08008d8f   Data           5  gui_paint.o(.rodata.str1.1)
    .Lstr.23                                 0x08008dc4   Data          55  gui_paint.o(.rodata.str1.1)
    .Lstr.19                                 0x08008ddd   Data          91  gui_paint.o(.rodata.str1.1)
    .Lstr.22                                 0x08008dfb   Data          56  gui_paint.o(.rodata.str1.1)
    .Lstr.24                                 0x08008e0b   Data          40  gui_paint.o(.rodata.str1.1)
    .Lstr.21                                 0x08008e33   Data          30  gui_paint.o(.rodata.str1.1)
    .L.str.8                                 0x08008e51   Data          36  gui_paint.o(.rodata.str1.1)
    .L.str.9                                 0x08008e75   Data          37  gui_paint.o(.rodata.str1.1)
    .L.str.8                                 0x08008ea6   Data           5  bsp_hc05.o(.rodata.str1.1)
    [Anonymous Symbol]                       0x08008ea6   Section        0  bsp_hc05.o(.rodata.str1.1)
    .L.str.24                                0x08008eab   Data          45  bsp_hc05.o(.rodata.str1.1)
    .L.str.17                                0x08008ed8   Data          59  bsp_hc05.o(.rodata.str1.1)
    .L.str.22                                0x08008f13   Data          77  bsp_hc05.o(.rodata.str1.1)
    .L.str                                   0x08008f60   Data          39  bsp_hc05.o(.rodata.str1.1)
    .L.str.2                                 0x08008f87   Data          35  bsp_hc05.o(.rodata.str1.1)
    .L.str.1                                 0x08008faa   Data          41  bsp_hc05.o(.rodata.str1.1)
    .L.str.26                                0x08008fd3   Data          33  bsp_hc05.o(.rodata.str1.1)
    .L.str.25                                0x08008ff4   Data          33  bsp_hc05.o(.rodata.str1.1)
    .L.str.3                                 0x08009015   Data          33  bsp_hc05.o(.rodata.str1.1)
    .L.str.5                                 0x08009036   Data          50  bsp_hc05.o(.rodata.str1.1)
    .L.str.23                                0x08009068   Data          43  bsp_hc05.o(.rodata.str1.1)
    .L.str.13                                0x08009093   Data           6  bsp_hc05.o(.rodata.str1.1)
    .L.str.4                                 0x08009099   Data           3  bsp_hc05.o(.rodata.str1.1)
    .L.str.18                                0x0800909c   Data          11  bsp_hc05.o(.rodata.str1.1)
    _rand_state                              0x24000000   Data           4  rand.o(.data)
    .data                                    0x24000000   Section        4  rand.o(.data)
    .data                                    0x24000004   Section        4  stdout.o(.data)
    .data                                    0x24000008   Section        4  mvars.o(.data)
    .data                                    0x2400000c   Section        4  mvars.o(.data)
    .L_MergedGlobals                         0x24000010   Data           8  stm32h7xx_hal.o(.data..L_MergedGlobals)
    [Anonymous Symbol]                       0x24000010   Section        0  stm32h7xx_hal.o(.data..L_MergedGlobals)
    .L_MergedGlobals                         0x24000018   Data           8  system_stm32h7xx_1.o(.data..L_MergedGlobals)
    [Anonymous Symbol]                       0x24000018   Section        0  system_stm32h7xx_1.o(.data..L_MergedGlobals)
    .L_MergedGlobals                         0x24000020   Data           6  rgbmatrix_device.o(.data..L_MergedGlobals)
    [Anonymous Symbol]                       0x24000020   Section        0  rgbmatrix_device.o(.data..L_MergedGlobals)
    .L_MergedGlobals                         0x24000030   Data          16  main.o(.bss..L_MergedGlobals)
    main.hc05_role                           0x24000030   Data           1  main.o(.bss..L_MergedGlobals)
    [Anonymous Symbol]                       0x24000030   Section        0  main.o(.bss..L_MergedGlobals)
    main.color                               0x24000031   Data           1  main.o(.bss..L_MergedGlobals)
    main.testdata                            0x24000032   Data           1  main.o(.bss..L_MergedGlobals)
    .L_MergedGlobals                         0x24000040   Data          32  gui_paint.o(.bss..L_MergedGlobals)
    [Anonymous Symbol]                       0x24000040   Section        0  gui_paint.o(.bss..L_MergedGlobals)
    TimingDelay                              0x24000104   Data           4  bsp_systick.o(.bss.TimingDelay)
    [Anonymous Symbol]                       0x24000104   Section        0  bsp_systick.o(.bss.TimingDelay)
    HEAP                                     0x24001090   Section    32768  startup_stm32h743xx.o(HEAP)
    STACK                                    0x24009090   Section     8192  startup_stm32h743xx.o(STACK)

    Global Symbols

    Symbol Name                              Value     Ov Type        Size  Object(Section)

    BuildAttributes$$THM_ISAv4$E$P$D$K$B$S$7EM$VFPv5_D16$PE$PLD8$A:L22UL41UL21$X:L11$S22US41US21$IEEE1$IW$~IW$USESV6$~STKCKD$USESV7$~SHL$OTIME$ROPI$EBA8$MICROLIB$REQ8$PRES8$EABIv2 0x00000000   Number         0  anon$$obj.o ABSOLUTE
    _printf_a                                0x00000000   Number         0  printfstubs.o ABSOLUTE
    _printf_c                                0x00000000   Number         0  printfstubs.o ABSOLUTE
    _printf_charcount                        0x00000000   Number         0  printfstubs.o ABSOLUTE
    _printf_d                                0x00000000   Number         0  printfstubs.o ABSOLUTE
    _printf_e                                0x00000000   Number         0  printfstubs.o ABSOLUTE
    _printf_f                                0x00000000   Number         0  printfstubs.o ABSOLUTE
    _printf_flags                            0x00000000   Number         0  printfstubs.o ABSOLUTE
    _printf_fp_dec                           0x00000000   Number         0  printfstubs.o ABSOLUTE
    _printf_fp_hex                           0x00000000   Number         0  printfstubs.o ABSOLUTE
    _printf_g                                0x00000000   Number         0  printfstubs.o ABSOLUTE
    _printf_i                                0x00000000   Number         0  printfstubs.o ABSOLUTE
    _printf_int_dec                          0x00000000   Number         0  printfstubs.o ABSOLUTE
    _printf_l                                0x00000000   Number         0  printfstubs.o ABSOLUTE
    _printf_lc                               0x00000000   Number         0  printfstubs.o ABSOLUTE
    _printf_ll                               0x00000000   Number         0  printfstubs.o ABSOLUTE
    _printf_lld                              0x00000000   Number         0  printfstubs.o ABSOLUTE
    _printf_lli                              0x00000000   Number         0  printfstubs.o ABSOLUTE
    _printf_llo                              0x00000000   Number         0  printfstubs.o ABSOLUTE
    _printf_llu                              0x00000000   Number         0  printfstubs.o ABSOLUTE
    _printf_llx                              0x00000000   Number         0  printfstubs.o ABSOLUTE
    _printf_longlong_dec                     0x00000000   Number         0  printfstubs.o ABSOLUTE
    _printf_longlong_hex                     0x00000000   Number         0  printfstubs.o ABSOLUTE
    _printf_longlong_oct                     0x00000000   Number         0  printfstubs.o ABSOLUTE
    _printf_ls                               0x00000000   Number         0  printfstubs.o ABSOLUTE
    _printf_mbtowc                           0x00000000   Number         0  printfstubs.o ABSOLUTE
    _printf_n                                0x00000000   Number         0  printfstubs.o ABSOLUTE
    _printf_o                                0x00000000   Number         0  printfstubs.o ABSOLUTE
    _printf_p                                0x00000000   Number         0  printfstubs.o ABSOLUTE
    _printf_percent                          0x00000000   Number         0  printfstubs.o ABSOLUTE
    _printf_pre_padding                      0x00000000   Number         0  printfstubs.o ABSOLUTE
    _printf_return_value                     0x00000000   Number         0  printfstubs.o ABSOLUTE
    _printf_s                                0x00000000   Number         0  printfstubs.o ABSOLUTE
    _printf_sizespec                         0x00000000   Number         0  printfstubs.o ABSOLUTE
    _printf_str                              0x00000000   Number         0  printfstubs.o ABSOLUTE
    _printf_truncate_signed                  0x00000000   Number         0  printfstubs.o ABSOLUTE
    _printf_truncate_unsigned                0x00000000   Number         0  printfstubs.o ABSOLUTE
    _printf_u                                0x00000000   Number         0  printfstubs.o ABSOLUTE
    _printf_wc                               0x00000000   Number         0  printfstubs.o ABSOLUTE
    _printf_wctomb                           0x00000000   Number         0  printfstubs.o ABSOLUTE
    _printf_widthprec                        0x00000000   Number         0  printfstubs.o ABSOLUTE
    _printf_x                                0x00000000   Number         0  printfstubs.o ABSOLUTE
    __cpp_initialize__aeabi_                  - Undefined Weak Reference
    __cxa_finalize                            - Undefined Weak Reference
    __decompress                              - Undefined Weak Reference
    _clock_init                               - Undefined Weak Reference
    _microlib_exit                            - Undefined Weak Reference
    __Vectors_Size                           0x00000298   Number         0  startup_stm32h743xx.o ABSOLUTE
    __Vectors                                0x08000000   Data           4  startup_stm32h743xx.o(RESET)
    __Vectors_End                            0x08000298   Data           0  startup_stm32h743xx.o(RESET)
    __main                                   0x08000299   Thumb Code     0  entry.o(.ARM.Collect$$$$00000000)
    _main_stk                                0x08000299   Thumb Code     0  entry2.o(.ARM.Collect$$$$00000001)
    _main_scatterload                        0x0800029d   Thumb Code     0  entry5.o(.ARM.Collect$$$$00000004)
    __main_after_scatterload                 0x080002a1   Thumb Code     0  entry5.o(.ARM.Collect$$$$00000004)
    _main_clock                              0x080002a1   Thumb Code     0  entry7b.o(.ARM.Collect$$$$00000008)
    _main_cpp_init                           0x080002a1   Thumb Code     0  entry8b.o(.ARM.Collect$$$$0000000A)
    _main_init                               0x080002a1   Thumb Code     0  entry9a.o(.ARM.Collect$$$$0000000B)
    __rt_final_cpp                           0x080002a9   Thumb Code     0  entry10a.o(.ARM.Collect$$$$0000000D)
    __rt_final_exit                          0x080002a9   Thumb Code     0  entry11a.o(.ARM.Collect$$$$0000000F)
    Reset_Handler                            0x080002ad   Thumb Code     8  startup_stm32h743xx.o(.text)
    ADC3_IRQHandler                          0x080002c7   Thumb Code     0  startup_stm32h743xx.o(.text)
    ADC_IRQHandler                           0x080002c7   Thumb Code     0  startup_stm32h743xx.o(.text)
    BDMA_Channel0_IRQHandler                 0x080002c7   Thumb Code     0  startup_stm32h743xx.o(.text)
    BDMA_Channel1_IRQHandler                 0x080002c7   Thumb Code     0  startup_stm32h743xx.o(.text)
    BDMA_Channel2_IRQHandler                 0x080002c7   Thumb Code     0  startup_stm32h743xx.o(.text)
    BDMA_Channel3_IRQHandler                 0x080002c7   Thumb Code     0  startup_stm32h743xx.o(.text)
    BDMA_Channel4_IRQHandler                 0x080002c7   Thumb Code     0  startup_stm32h743xx.o(.text)
    BDMA_Channel5_IRQHandler                 0x080002c7   Thumb Code     0  startup_stm32h743xx.o(.text)
    BDMA_Channel6_IRQHandler                 0x080002c7   Thumb Code     0  startup_stm32h743xx.o(.text)
    BDMA_Channel7_IRQHandler                 0x080002c7   Thumb Code     0  startup_stm32h743xx.o(.text)
    CEC_IRQHandler                           0x080002c7   Thumb Code     0  startup_stm32h743xx.o(.text)
    COMP1_IRQHandler                         0x080002c7   Thumb Code     0  startup_stm32h743xx.o(.text)
    CRS_IRQHandler                           0x080002c7   Thumb Code     0  startup_stm32h743xx.o(.text)
    DCMI_IRQHandler                          0x080002c7   Thumb Code     0  startup_stm32h743xx.o(.text)
    DFSDM1_FLT0_IRQHandler                   0x080002c7   Thumb Code     0  startup_stm32h743xx.o(.text)
    DFSDM1_FLT1_IRQHandler                   0x080002c7   Thumb Code     0  startup_stm32h743xx.o(.text)
    DFSDM1_FLT2_IRQHandler                   0x080002c7   Thumb Code     0  startup_stm32h743xx.o(.text)
    DFSDM1_FLT3_IRQHandler                   0x080002c7   Thumb Code     0  startup_stm32h743xx.o(.text)
    DMA1_Stream0_IRQHandler                  0x080002c7   Thumb Code     0  startup_stm32h743xx.o(.text)
    DMA1_Stream1_IRQHandler                  0x080002c7   Thumb Code     0  startup_stm32h743xx.o(.text)
    DMA1_Stream2_IRQHandler                  0x080002c7   Thumb Code     0  startup_stm32h743xx.o(.text)
    DMA1_Stream3_IRQHandler                  0x080002c7   Thumb Code     0  startup_stm32h743xx.o(.text)
    DMA1_Stream4_IRQHandler                  0x080002c7   Thumb Code     0  startup_stm32h743xx.o(.text)
    DMA1_Stream5_IRQHandler                  0x080002c7   Thumb Code     0  startup_stm32h743xx.o(.text)
    DMA1_Stream6_IRQHandler                  0x080002c7   Thumb Code     0  startup_stm32h743xx.o(.text)
    DMA1_Stream7_IRQHandler                  0x080002c7   Thumb Code     0  startup_stm32h743xx.o(.text)
    DMA2D_IRQHandler                         0x080002c7   Thumb Code     0  startup_stm32h743xx.o(.text)
    DMA2_Stream0_IRQHandler                  0x080002c7   Thumb Code     0  startup_stm32h743xx.o(.text)
    DMA2_Stream1_IRQHandler                  0x080002c7   Thumb Code     0  startup_stm32h743xx.o(.text)
    DMA2_Stream2_IRQHandler                  0x080002c7   Thumb Code     0  startup_stm32h743xx.o(.text)
    DMA2_Stream3_IRQHandler                  0x080002c7   Thumb Code     0  startup_stm32h743xx.o(.text)
    DMA2_Stream4_IRQHandler                  0x080002c7   Thumb Code     0  startup_stm32h743xx.o(.text)
    DMA2_Stream5_IRQHandler                  0x080002c7   Thumb Code     0  startup_stm32h743xx.o(.text)
    DMA2_Stream6_IRQHandler                  0x080002c7   Thumb Code     0  startup_stm32h743xx.o(.text)
    DMA2_Stream7_IRQHandler                  0x080002c7   Thumb Code     0  startup_stm32h743xx.o(.text)
    DMAMUX1_OVR_IRQHandler                   0x080002c7   Thumb Code     0  startup_stm32h743xx.o(.text)
    DMAMUX2_OVR_IRQHandler                   0x080002c7   Thumb Code     0  startup_stm32h743xx.o(.text)
    ECC_IRQHandler                           0x080002c7   Thumb Code     0  startup_stm32h743xx.o(.text)
    ETH_IRQHandler                           0x080002c7   Thumb Code     0  startup_stm32h743xx.o(.text)
    ETH_WKUP_IRQHandler                      0x080002c7   Thumb Code     0  startup_stm32h743xx.o(.text)
    EXTI1_IRQHandler                         0x080002c7   Thumb Code     0  startup_stm32h743xx.o(.text)
    EXTI2_IRQHandler                         0x080002c7   Thumb Code     0  startup_stm32h743xx.o(.text)
    EXTI3_IRQHandler                         0x080002c7   Thumb Code     0  startup_stm32h743xx.o(.text)
    EXTI4_IRQHandler                         0x080002c7   Thumb Code     0  startup_stm32h743xx.o(.text)
    EXTI9_5_IRQHandler                       0x080002c7   Thumb Code     0  startup_stm32h743xx.o(.text)
    FDCAN1_IT0_IRQHandler                    0x080002c7   Thumb Code     0  startup_stm32h743xx.o(.text)
    FDCAN1_IT1_IRQHandler                    0x080002c7   Thumb Code     0  startup_stm32h743xx.o(.text)
    FDCAN2_IT0_IRQHandler                    0x080002c7   Thumb Code     0  startup_stm32h743xx.o(.text)
    FDCAN2_IT1_IRQHandler                    0x080002c7   Thumb Code     0  startup_stm32h743xx.o(.text)
    FDCAN_CAL_IRQHandler                     0x080002c7   Thumb Code     0  startup_stm32h743xx.o(.text)
    FLASH_IRQHandler                         0x080002c7   Thumb Code     0  startup_stm32h743xx.o(.text)
    FMC_IRQHandler                           0x080002c7   Thumb Code     0  startup_stm32h743xx.o(.text)
    FPU_IRQHandler                           0x080002c7   Thumb Code     0  startup_stm32h743xx.o(.text)
    HRTIM1_FLT_IRQHandler                    0x080002c7   Thumb Code     0  startup_stm32h743xx.o(.text)
    HRTIM1_Master_IRQHandler                 0x080002c7   Thumb Code     0  startup_stm32h743xx.o(.text)
    HRTIM1_TIMA_IRQHandler                   0x080002c7   Thumb Code     0  startup_stm32h743xx.o(.text)
    HRTIM1_TIMB_IRQHandler                   0x080002c7   Thumb Code     0  startup_stm32h743xx.o(.text)
    HRTIM1_TIMC_IRQHandler                   0x080002c7   Thumb Code     0  startup_stm32h743xx.o(.text)
    HRTIM1_TIMD_IRQHandler                   0x080002c7   Thumb Code     0  startup_stm32h743xx.o(.text)
    HRTIM1_TIME_IRQHandler                   0x080002c7   Thumb Code     0  startup_stm32h743xx.o(.text)
    HSEM1_IRQHandler                         0x080002c7   Thumb Code     0  startup_stm32h743xx.o(.text)
    I2C1_ER_IRQHandler                       0x080002c7   Thumb Code     0  startup_stm32h743xx.o(.text)
    I2C1_EV_IRQHandler                       0x080002c7   Thumb Code     0  startup_stm32h743xx.o(.text)
    I2C2_ER_IRQHandler                       0x080002c7   Thumb Code     0  startup_stm32h743xx.o(.text)
    I2C2_EV_IRQHandler                       0x080002c7   Thumb Code     0  startup_stm32h743xx.o(.text)
    I2C3_ER_IRQHandler                       0x080002c7   Thumb Code     0  startup_stm32h743xx.o(.text)
    I2C3_EV_IRQHandler                       0x080002c7   Thumb Code     0  startup_stm32h743xx.o(.text)
    I2C4_ER_IRQHandler                       0x080002c7   Thumb Code     0  startup_stm32h743xx.o(.text)
    I2C4_EV_IRQHandler                       0x080002c7   Thumb Code     0  startup_stm32h743xx.o(.text)
    JPEG_IRQHandler                          0x080002c7   Thumb Code     0  startup_stm32h743xx.o(.text)
    LPTIM1_IRQHandler                        0x080002c7   Thumb Code     0  startup_stm32h743xx.o(.text)
    LPTIM2_IRQHandler                        0x080002c7   Thumb Code     0  startup_stm32h743xx.o(.text)
    LPTIM3_IRQHandler                        0x080002c7   Thumb Code     0  startup_stm32h743xx.o(.text)
    LPTIM4_IRQHandler                        0x080002c7   Thumb Code     0  startup_stm32h743xx.o(.text)
    LPTIM5_IRQHandler                        0x080002c7   Thumb Code     0  startup_stm32h743xx.o(.text)
    LPUART1_IRQHandler                       0x080002c7   Thumb Code     0  startup_stm32h743xx.o(.text)
    LTDC_ER_IRQHandler                       0x080002c7   Thumb Code     0  startup_stm32h743xx.o(.text)
    LTDC_IRQHandler                          0x080002c7   Thumb Code     0  startup_stm32h743xx.o(.text)
    MDIOS_IRQHandler                         0x080002c7   Thumb Code     0  startup_stm32h743xx.o(.text)
    MDIOS_WKUP_IRQHandler                    0x080002c7   Thumb Code     0  startup_stm32h743xx.o(.text)
    MDMA_IRQHandler                          0x080002c7   Thumb Code     0  startup_stm32h743xx.o(.text)
    OTG_FS_EP1_IN_IRQHandler                 0x080002c7   Thumb Code     0  startup_stm32h743xx.o(.text)
    OTG_FS_EP1_OUT_IRQHandler                0x080002c7   Thumb Code     0  startup_stm32h743xx.o(.text)
    OTG_FS_IRQHandler                        0x080002c7   Thumb Code     0  startup_stm32h743xx.o(.text)
    OTG_FS_WKUP_IRQHandler                   0x080002c7   Thumb Code     0  startup_stm32h743xx.o(.text)
    OTG_HS_EP1_IN_IRQHandler                 0x080002c7   Thumb Code     0  startup_stm32h743xx.o(.text)
    OTG_HS_EP1_OUT_IRQHandler                0x080002c7   Thumb Code     0  startup_stm32h743xx.o(.text)
    OTG_HS_IRQHandler                        0x080002c7   Thumb Code     0  startup_stm32h743xx.o(.text)
    OTG_HS_WKUP_IRQHandler                   0x080002c7   Thumb Code     0  startup_stm32h743xx.o(.text)
    PVD_AVD_IRQHandler                       0x080002c7   Thumb Code     0  startup_stm32h743xx.o(.text)
    QUADSPI_IRQHandler                       0x080002c7   Thumb Code     0  startup_stm32h743xx.o(.text)
    RCC_IRQHandler                           0x080002c7   Thumb Code     0  startup_stm32h743xx.o(.text)
    RNG_IRQHandler                           0x080002c7   Thumb Code     0  startup_stm32h743xx.o(.text)
    RTC_Alarm_IRQHandler                     0x080002c7   Thumb Code     0  startup_stm32h743xx.o(.text)
    RTC_WKUP_IRQHandler                      0x080002c7   Thumb Code     0  startup_stm32h743xx.o(.text)
    SAI1_IRQHandler                          0x080002c7   Thumb Code     0  startup_stm32h743xx.o(.text)
    SAI2_IRQHandler                          0x080002c7   Thumb Code     0  startup_stm32h743xx.o(.text)
    SAI3_IRQHandler                          0x080002c7   Thumb Code     0  startup_stm32h743xx.o(.text)
    SAI4_IRQHandler                          0x080002c7   Thumb Code     0  startup_stm32h743xx.o(.text)
    SDMMC1_IRQHandler                        0x080002c7   Thumb Code     0  startup_stm32h743xx.o(.text)
    SDMMC2_IRQHandler                        0x080002c7   Thumb Code     0  startup_stm32h743xx.o(.text)
    SPDIF_RX_IRQHandler                      0x080002c7   Thumb Code     0  startup_stm32h743xx.o(.text)
    SPI1_IRQHandler                          0x080002c7   Thumb Code     0  startup_stm32h743xx.o(.text)
    SPI2_IRQHandler                          0x080002c7   Thumb Code     0  startup_stm32h743xx.o(.text)
    SPI3_IRQHandler                          0x080002c7   Thumb Code     0  startup_stm32h743xx.o(.text)
    SPI4_IRQHandler                          0x080002c7   Thumb Code     0  startup_stm32h743xx.o(.text)
    SPI5_IRQHandler                          0x080002c7   Thumb Code     0  startup_stm32h743xx.o(.text)
    SPI6_IRQHandler                          0x080002c7   Thumb Code     0  startup_stm32h743xx.o(.text)
    SWPMI1_IRQHandler                        0x080002c7   Thumb Code     0  startup_stm32h743xx.o(.text)
    TAMP_STAMP_IRQHandler                    0x080002c7   Thumb Code     0  startup_stm32h743xx.o(.text)
    TIM15_IRQHandler                         0x080002c7   Thumb Code     0  startup_stm32h743xx.o(.text)
    TIM16_IRQHandler                         0x080002c7   Thumb Code     0  startup_stm32h743xx.o(.text)
    TIM17_IRQHandler                         0x080002c7   Thumb Code     0  startup_stm32h743xx.o(.text)
    TIM1_BRK_IRQHandler                      0x080002c7   Thumb Code     0  startup_stm32h743xx.o(.text)
    TIM1_CC_IRQHandler                       0x080002c7   Thumb Code     0  startup_stm32h743xx.o(.text)
    TIM1_TRG_COM_IRQHandler                  0x080002c7   Thumb Code     0  startup_stm32h743xx.o(.text)
    TIM2_IRQHandler                          0x080002c7   Thumb Code     0  startup_stm32h743xx.o(.text)
    TIM3_IRQHandler                          0x080002c7   Thumb Code     0  startup_stm32h743xx.o(.text)
    TIM4_IRQHandler                          0x080002c7   Thumb Code     0  startup_stm32h743xx.o(.text)
    TIM5_IRQHandler                          0x080002c7   Thumb Code     0  startup_stm32h743xx.o(.text)
    TIM6_DAC_IRQHandler                      0x080002c7   Thumb Code     0  startup_stm32h743xx.o(.text)
    TIM7_IRQHandler                          0x080002c7   Thumb Code     0  startup_stm32h743xx.o(.text)
    TIM8_BRK_TIM12_IRQHandler                0x080002c7   Thumb Code     0  startup_stm32h743xx.o(.text)
    TIM8_CC_IRQHandler                       0x080002c7   Thumb Code     0  startup_stm32h743xx.o(.text)
    TIM8_TRG_COM_TIM14_IRQHandler            0x080002c7   Thumb Code     0  startup_stm32h743xx.o(.text)
    TIM8_UP_TIM13_IRQHandler                 0x080002c7   Thumb Code     0  startup_stm32h743xx.o(.text)
    UART4_IRQHandler                         0x080002c7   Thumb Code     0  startup_stm32h743xx.o(.text)
    UART5_IRQHandler                         0x080002c7   Thumb Code     0  startup_stm32h743xx.o(.text)
    UART7_IRQHandler                         0x080002c7   Thumb Code     0  startup_stm32h743xx.o(.text)
    UART8_IRQHandler                         0x080002c7   Thumb Code     0  startup_stm32h743xx.o(.text)
    USART1_IRQHandler                        0x080002c7   Thumb Code     0  startup_stm32h743xx.o(.text)
    USART2_IRQHandler                        0x080002c7   Thumb Code     0  startup_stm32h743xx.o(.text)
    USART3_IRQHandler                        0x080002c7   Thumb Code     0  startup_stm32h743xx.o(.text)
    WAKEUP_PIN_IRQHandler                    0x080002c7   Thumb Code     0  startup_stm32h743xx.o(.text)
    WWDG_IRQHandler                          0x080002c7   Thumb Code     0  startup_stm32h743xx.o(.text)
    __aeabi_uldivmod                         0x080002d1   Thumb Code    98  uldiv.o(.text)
    rand                                     0x08000335   Thumb Code    20  rand.o(.text)
    srand                                    0x08000349   Thumb Code     6  rand.o(.text)
    __aeabi_memset                           0x08000359   Thumb Code    14  memseta.o(.text)
    __aeabi_memset4                          0x08000359   Thumb Code     0  memseta.o(.text)
    __aeabi_memset8                          0x08000359   Thumb Code     0  memseta.o(.text)
    __aeabi_memclr                           0x08000367   Thumb Code     4  memseta.o(.text)
    __aeabi_memclr4                          0x08000367   Thumb Code     0  memseta.o(.text)
    __aeabi_memclr8                          0x08000367   Thumb Code     0  memseta.o(.text)
    _memset$wrapper                          0x0800036b   Thumb Code    18  memseta.o(.text)
    strstr                                   0x0800037d   Thumb Code    36  strstr.o(.text)
    strchr                                   0x080003a1   Thumb Code    20  strchr.o(.text)
    strcmp                                   0x080003b5   Thumb Code    28  strcmp.o(.text)
    memcmp                                   0x080003d1   Thumb Code    26  memcmp.o(.text)
    strcpy                                   0x080003eb   Thumb Code    18  strcpy.o(.text)
    __aeabi_llsl                             0x080003fd   Thumb Code    30  llshl.o(.text)
    _ll_shift_l                              0x080003fd   Thumb Code     0  llshl.o(.text)
    __aeabi_llsr                             0x0800041b   Thumb Code    32  llushr.o(.text)
    _ll_ushift_r                             0x0800041b   Thumb Code     0  llushr.o(.text)
    __scatterload                            0x0800043d   Thumb Code    38  init.o(.text)
    __scatterload_rt2                        0x0800043d   Thumb Code     0  init.o(.text)
    BLT_USART_Config                         0x08000471   Thumb Code   198  bsp_blt_usart.o(.text.BLT_USART_Config)
    BLT_Usart_SendString                     0x08000539   Thumb Code    38  bsp_blt_usart.o(.text.BLT_Usart_SendString)
    BusFault_Handler                         0x08000561   Thumb Code     2  stm32h7xx_it.o(.text.BusFault_Handler)
    CPU_TS_Tmr_Delay_US                      0x08000569   Thumb Code    86  core_delay.o(.text.CPU_TS_Tmr_Delay_US)
    Clock_init                               0x080005c1   Thumb Code    38  gui_paint.o(.text.Clock_init)
    DEBUG_USART_Config                       0x080005e9   Thumb Code   208  bsp_debug_usart.o(.text.DEBUG_USART_Config)
    DWT_Init                                 0x080006b9   Thumb Code    46  rgbmatrix_device.o(.text.DWT_Init)
    DebugMon_Handler                         0x080006e9   Thumb Code     2  stm32h7xx_it.o(.text.DebugMon_Handler)
    EXTI0_IRQHandler                         0x080006f1   Thumb Code    36  bsp_exti.o(.text.EXTI0_IRQHandler)
    EXTI15_10_IRQHandler                     0x08000719   Thumb Code    38  bsp_exti.o(.text.EXTI15_10_IRQHandler)
    Error_Handler                            0x08000741   Thumb Code    10  main.o(.text.Error_Handler)
    HAL_DMA_Abort_IT                         0x08000751   Thumb Code   572  stm32h7xx_hal_dma.o(.text.HAL_DMA_Abort_IT)
    HAL_GPIO_Init                            0x08000991   Thumb Code   410  stm32h7xx_hal_gpio.o(.text.HAL_GPIO_Init)
    HAL_GPIO_ReadPin                         0x08000b31   Thumb Code    10  stm32h7xx_hal_gpio.o(.text.HAL_GPIO_ReadPin)
    HAL_GPIO_WritePin                        0x08000b41   Thumb Code    10  stm32h7xx_hal_gpio.o(.text.HAL_GPIO_WritePin)
    HAL_GetREVID                             0x08000b51   Thumb Code    14  stm32h7xx_hal.o(.text.HAL_GetREVID)
    HAL_GetTick                              0x08000b61   Thumb Code    30  core_delay.o(.text.HAL_GetTick)
    HAL_Init                                 0x08000b81   Thumb Code   100  stm32h7xx_hal.o(.text.HAL_Init)
    HAL_InitTick                             0x08000be9   Thumb Code    38  core_delay.o(.text.HAL_InitTick)
    HAL_MspInit                              0x08000c11   Thumb Code    32  stm32h7xx_hal_msp.o(.text.HAL_MspInit)
    HAL_NVIC_EnableIRQ                       0x08000c31   Thumb Code    34  stm32h7xx_hal_cortex.o(.text.HAL_NVIC_EnableIRQ)
    HAL_NVIC_SetPriority                     0x08000c59   Thumb Code    90  stm32h7xx_hal_cortex.o(.text.HAL_NVIC_SetPriority)
    HAL_NVIC_SetPriorityGrouping             0x08000cb9   Thumb Code    32  stm32h7xx_hal_cortex.o(.text.HAL_NVIC_SetPriorityGrouping)
    HAL_RCCEx_GetD1SysClockFreq              0x08000cd9   Thumb Code    48  stm32h7xx_hal_rcc_ex.o(.text.HAL_RCCEx_GetD1SysClockFreq)
    HAL_RCCEx_GetD3PCLK1Freq                 0x08000d09   Thumb Code    38  stm32h7xx_hal_rcc_ex.o(.text.HAL_RCCEx_GetD3PCLK1Freq)
    HAL_RCCEx_GetPLL2ClockFreq               0x08000d31   Thumb Code   284  stm32h7xx_hal_rcc_ex.o(.text.HAL_RCCEx_GetPLL2ClockFreq)
    HAL_RCCEx_GetPLL3ClockFreq               0x08000e61   Thumb Code   284  stm32h7xx_hal_rcc_ex.o(.text.HAL_RCCEx_GetPLL3ClockFreq)
    HAL_RCCEx_PeriphCLKConfig                0x08000f91   Thumb Code  3148  stm32h7xx_hal_rcc_ex.o(.text.HAL_RCCEx_PeriphCLKConfig)
    HAL_RCC_ClockConfig                      0x08001be1   Thumb Code   568  stm32h7xx_hal_rcc.o(.text.HAL_RCC_ClockConfig)
    HAL_RCC_GetHCLKFreq                      0x08001e19   Thumb Code    48  stm32h7xx_hal_rcc.o(.text.HAL_RCC_GetHCLKFreq)
    HAL_RCC_GetPCLK1Freq                     0x08001e49   Thumb Code    64  stm32h7xx_hal_rcc.o(.text.HAL_RCC_GetPCLK1Freq)
    HAL_RCC_GetPCLK2Freq                     0x08001e89   Thumb Code    64  stm32h7xx_hal_rcc.o(.text.HAL_RCC_GetPCLK2Freq)
    HAL_RCC_GetSysClockFreq                  0x08001ec9   Thumb Code   264  stm32h7xx_hal_rcc.o(.text.HAL_RCC_GetSysClockFreq)
    HAL_RCC_OscConfig                        0x08001fe1   Thumb Code  1222  stm32h7xx_hal_rcc.o(.text.HAL_RCC_OscConfig)
    HAL_SYSTICK_Config                       0x080024a9   Thumb Code    46  stm32h7xx_hal_cortex.o(.text.HAL_SYSTICK_Config)
    HAL_TIMEx_Break2Callback                 0x080024d9   Thumb Code     2  stm32h7xx_hal_tim_ex.o(.text.HAL_TIMEx_Break2Callback)
    HAL_TIMEx_BreakCallback                  0x080024e1   Thumb Code     2  stm32h7xx_hal_tim_ex.o(.text.HAL_TIMEx_BreakCallback)
    HAL_TIMEx_CommutCallback                 0x080024e9   Thumb Code     2  stm32h7xx_hal_tim_ex.o(.text.HAL_TIMEx_CommutCallback)
    HAL_TIMEx_MasterConfigSynchronization    0x080024f1   Thumb Code    94  stm32h7xx_hal_tim_ex.o(.text.HAL_TIMEx_MasterConfigSynchronization)
    HAL_TIM_Base_Init                        0x08002551   Thumb Code    52  stm32h7xx_hal_tim.o(.text.HAL_TIM_Base_Init)
    HAL_TIM_Base_MspInit                     0x08002589   Thumb Code    66  tim.o(.text.HAL_TIM_Base_MspInit)
    HAL_TIM_Base_Start_IT                    0x080025d1   Thumb Code    48  stm32h7xx_hal_tim.o(.text.HAL_TIM_Base_Start_IT)
    HAL_TIM_ConfigClockSource                0x08002601   Thumb Code   482  stm32h7xx_hal_tim.o(.text.HAL_TIM_ConfigClockSource)
    HAL_TIM_IC_CaptureCallback               0x080027e9   Thumb Code     2  stm32h7xx_hal_tim.o(.text.HAL_TIM_IC_CaptureCallback)
    HAL_TIM_IRQHandler                       0x080027f1   Thumb Code   396  stm32h7xx_hal_tim.o(.text.HAL_TIM_IRQHandler)
    HAL_TIM_OC_DelayElapsedCallback          0x08002981   Thumb Code     2  stm32h7xx_hal_tim.o(.text.HAL_TIM_OC_DelayElapsedCallback)
    HAL_TIM_PWM_PulseFinishedCallback        0x08002989   Thumb Code     2  stm32h7xx_hal_tim.o(.text.HAL_TIM_PWM_PulseFinishedCallback)
    HAL_TIM_PeriodElapsedCallback            0x08002991   Thumb Code   272  tim.o(.text.HAL_TIM_PeriodElapsedCallback)
    HAL_TIM_TriggerCallback                  0x08002aa1   Thumb Code     2  stm32h7xx_hal_tim.o(.text.HAL_TIM_TriggerCallback)
    HAL_UARTEx_RxFifoFullCallback            0x08002aa9   Thumb Code     2  stm32h7xx_hal_uart_ex.o(.text.HAL_UARTEx_RxFifoFullCallback)
    HAL_UARTEx_TxFifoEmptyCallback           0x08002ab1   Thumb Code     2  stm32h7xx_hal_uart_ex.o(.text.HAL_UARTEx_TxFifoEmptyCallback)
    HAL_UARTEx_WakeupCallback                0x08002ab9   Thumb Code     2  stm32h7xx_hal_uart_ex.o(.text.HAL_UARTEx_WakeupCallback)
    HAL_UART_ErrorCallback                   0x08002ac1   Thumb Code     2  stm32h7xx_hal_uart.o(.text.HAL_UART_ErrorCallback)
    HAL_UART_IRQHandler                      0x08002ac9   Thumb Code   520  stm32h7xx_hal_uart.o(.text.HAL_UART_IRQHandler)
    HAL_UART_Init                            0x08002cd1   Thumb Code    98  stm32h7xx_hal_uart.o(.text.HAL_UART_Init)
    HAL_UART_MspInit                         0x08002d39   Thumb Code   126  usart.o(.text.HAL_UART_MspInit)
    HAL_UART_Receive                         0x08002db9   Thumb Code   252  stm32h7xx_hal_uart.o(.text.HAL_UART_Receive)
    HAL_UART_Transmit                        0x08002eb9   Thumb Code   214  stm32h7xx_hal_uart.o(.text.HAL_UART_Transmit)
    HAL_UART_TxCpltCallback                  0x08002f91   Thumb Code     2  stm32h7xx_hal_uart.o(.text.HAL_UART_TxCpltCallback)
    HC05_Init                                0x08002f99   Thumb Code   172  bsp_hc05.o(.text.HC05_Init)
    HC05_SendString                          0x08003049   Thumb Code    30  bsp_hc05.o(.text.HC05_SendString)
    HC05_Send_CMD                            0x08003069   Thumb Code  1060  bsp_hc05.o(.text.HC05_Send_CMD)
    HUB75_Init                               0x080034b9   Thumb Code    60  rgbmatrix_device.o(.text.HUB75_Init)
    HUB75_show                               0x080034f9   Thumb Code    32  rgbmatrix_device.o(.text.HUB75_show)
    HardFault_Handler                        0x08003519   Thumb Code     2  stm32h7xx_it.o(.text.HardFault_Handler)
    Key_GPIO_Config                          0x08003521   Thumb Code    94  bsp_key.o(.text.Key_GPIO_Config)
    Key_Scan                                 0x08003581   Thumb Code    36  bsp_key.o(.text.Key_Scan)
    LED_GPIO_Config                          0x080035a9   Thumb Code   160  bsp_led.o(.text.LED_GPIO_Config)
    MX_GPIO_Init                             0x08003649   Thumb Code   360  gpio.o(.text.MX_GPIO_Init)
    MX_TIM1_Init                             0x080037b1   Thumb Code   116  tim.o(.text.MX_TIM1_Init)
    MX_USART2_UART_Init                      0x08003829   Thumb Code    60  usart.o(.text.MX_USART2_UART_Init)
    MemManage_Handler                        0x08003869   Thumb Code     2  stm32h7xx_it.o(.text.MemManage_Handler)
    NMI_Handler                              0x08003871   Thumb Code     2  stm32h7xx_it.o(.text.NMI_Handler)
    Paint_Clear                              0x08003879   Thumb Code   154  gui_paint.o(.text.Paint_Clear)
    Paint_DrawChar                           0x08003919   Thumb Code   900  gui_paint.o(.text.Paint_DrawChar)
    Paint_DrawCircle                         0x08003cd9   Thumb Code  2820  gui_paint.o(.text.Paint_DrawCircle)
    Paint_DrawPoint                          0x08004819   Thumb Code   422  gui_paint.o(.text.Paint_DrawPoint)
    Paint_DrawRectangle                      0x080049c1   Thumb Code   656  gui_paint.o(.text.Paint_DrawRectangle)
    Paint_NewImage                           0x08004c51   Thumb Code    80  gui_paint.o(.text.Paint_NewImage)
    Paint_SetPixel                           0x08004ca1   Thumb Code   242  gui_paint.o(.text.Paint_SetPixel)
    Paint_System_Start                       0x08004d99   Thumb Code  2086  gui_paint.o(.text.Paint_System_Start)
    PendSV_Handler                           0x080055c1   Thumb Code     2  stm32h7xx_it.o(.text.PendSV_Handler)
    RGBMatrixWrite_565Data                   0x08005819   Thumb Code  1412  rgbmatrix_device.o(.text.RGBMatrixWrite_565Data)
    SVC_Handler                              0x08005da1   Thumb Code     2  stm32h7xx_it.o(.text.SVC_Handler)
    SysTick_Handler                          0x08005da9   Thumb Code    50  stm32h7xx_it.o(.text.SysTick_Handler)
    SysTick_Init                             0x08005de1   Thumb Code    42  bsp_systick.o(.text.SysTick_Init)
    SystemClock_Config                       0x08005e11   Thumb Code   196  bsp_clkconfig.o(.text.SystemClock_Config)
    SystemInit                               0x08005ed9   Thumb Code   176  system_stm32h7xx_1.o(.text.SystemInit)
    TIM1_UP_IRQHandler                       0x08005f89   Thumb Code    12  stm32h7xx_it.o(.text.TIM1_UP_IRQHandler)
    TIM_Base_SetConfig                       0x08005f99   Thumb Code   332  stm32h7xx_hal_tim.o(.text.TIM_Base_SetConfig)
    TimeStamp_Increment                      0x080060e9   Thumb Code    16  bsp_systick.o(.text.TimeStamp_Increment)
    TimingDelay_Decrement                    0x080060f9   Thumb Code    24  bsp_systick.o(.text.TimingDelay_Decrement)
    UART_AdvFeatureConfig                    0x08006111   Thumb Code   224  stm32h7xx_hal_uart.o(.text.UART_AdvFeatureConfig)
    UART_CheckIdleState                      0x080061f1   Thumb Code   232  stm32h7xx_hal_uart.o(.text.UART_CheckIdleState)
    UART_SetConfig                           0x080062e9   Thumb Code  1800  stm32h7xx_hal_uart.o(.text.UART_SetConfig)
    UART_WaitOnFlagUntilTimeout              0x080069f9   Thumb Code   242  stm32h7xx_hal_uart.o(.text.UART_WaitOnFlagUntilTimeout)
    USART6_IRQHandler                        0x08006af1   Thumb Code     4  stm32h7xx_it.o(.text.USART6_IRQHandler)
    UsageFault_Handler                       0x08006af9   Thumb Code     2  stm32h7xx_it.o(.text.UsageFault_Handler)
    Wheel                                    0x08006b01   Thumb Code    56  rgbmatrix_device.o(.text.Wheel)
    bsp_USART_Process                        0x08006b39   Thumb Code   122  bsp_blt_usart.o(.text.bsp_USART_Process)
    clean_rebuff                             0x08006bb9   Thumb Code    32  bsp_blt_usart.o(.text.clean_rebuff)
    fputc                                    0x08006bd9   Thumb Code    32  bsp_debug_usart.o(.text.fputc)
    getRemoteDeviceName                      0x08006bf9   Thumb Code   360  bsp_hc05.o(.text.getRemoteDeviceName)
    get_line                                 0x08006da1   Thumb Code    98  bsp_hc05.o(.text.get_line)
    get_rebuff                               0x08006e09   Thumb Code    24  bsp_blt_usart.o(.text.get_rebuff)
    get_tick_count                           0x08006e21   Thumb Code    18  bsp_systick.o(.text.get_tick_count)
    linkHC05                                 0x08006e39   Thumb Code   336  bsp_hc05.o(.text.linkHC05)
    main                                     0x08006fe9   Thumb Code  1420  main.o(.text.main)
    parseBluetoothAddress                    0x08007609   Thumb Code   764  bsp_hc05.o(.text.parseBluetoothAddress)
    __0printf$8                              0x08007949   Thumb Code    22  printf8.o(i.__0printf$8)
    __1printf$8                              0x08007949   Thumb Code     0  printf8.o(i.__0printf$8)
    __2printf                                0x08007949   Thumb Code     0  printf8.o(i.__0printf$8)
    __0sprintf$8                             0x08007969   Thumb Code    34  printf8.o(i.__0sprintf$8)
    __1sprintf$8                             0x08007969   Thumb Code     0  printf8.o(i.__0sprintf$8)
    __2sprintf                               0x08007969   Thumb Code     0  printf8.o(i.__0sprintf$8)
    __scatterload_copy                       0x08007991   Thumb Code    14  handlers.o(i.__scatterload_copy)
    __scatterload_null                       0x0800799f   Thumb Code     2  handlers.o(i.__scatterload_null)
    __scatterload_zeroinit                   0x080079a1   Thumb Code    14  handlers.o(i.__scatterload_zeroinit)
    malloc                                   0x08007e1d   Thumb Code    92  malloc.o(i.malloc)
    puts                                     0x08007e89   Thumb Code    30  puts.o(i.puts)
    D1CorePrescTable                         0x08007efa   Data          16  system_stm32h7xx_1.o(.rodata.D1CorePrescTable)
    Font16_Table                             0x08007f0a   Data        3040  font16.o(.rodata.Font16_Table)
    Region$$Table$$Base                      0x080090a8   Number         0  anon$$obj.o(Region$$Table)
    Region$$Table$$Limit                     0x080090c8   Number         0  anon$$obj.o(Region$$Table)
    __stdout                                 0x24000004   Data           4  stdout.o(.data)
    __microlib_freelist                      0x24000008   Data           4  mvars.o(.data)
    __microlib_freelist_initialised          0x2400000c   Data           4  mvars.o(.data)
    uwTickFreq                               0x24000010   Data           1  stm32h7xx_hal.o(.data..L_MergedGlobals)
    uwTickPrio                               0x24000014   Data           4  stm32h7xx_hal.o(.data..L_MergedGlobals)
    SystemCoreClock                          0x24000018   Data           4  system_stm32h7xx_1.o(.data..L_MergedGlobals)
    SystemD2Clock                            0x2400001c   Data           4  system_stm32h7xx_1.o(.data..L_MergedGlobals)
    initialRedBit                            0x24000020   Data           2  rgbmatrix_device.o(.data..L_MergedGlobals)
    initialGreenBit                          0x24000022   Data           2  rgbmatrix_device.o(.data..L_MergedGlobals)
    initialBlueBit                           0x24000024   Data           2  rgbmatrix_device.o(.data..L_MergedGlobals)
    Font16                                   0x24000028   Data           8  font16.o(.data.Font16)
    Task_Delay                               0x24000034   Data          12  main.o(.bss..L_MergedGlobals)
    sPaint_time                              0x24000040   Data           8  gui_paint.o(.bss..L_MergedGlobals)
    Paint                                    0x24000048   Data          24  gui_paint.o(.bss..L_MergedGlobals)
    BLT_UartHandle                           0x24000060   Data         140  bsp_blt_usart.o(.bss.BLT_UartHandle)
    RGB_Matrix                               0x240000ec   Data          24  rgbmatrix_device.o(.bss.RGB_Matrix)
    UartHandle                               0x24000108   Data         140  bsp_debug_usart.o(.bss.UartHandle)
    _PM_timerSave                            0x24000194   Data           4  rgbmatrix_device.o(.bss._PM_timerSave)
    bltDevList                               0x24000198   Data         544  main.o(.bss.bltDevList)
    g_ul_ms_ticks                            0x240003b8   Data           4  bsp_systick.o(.bss.g_ul_ms_ticks)
    htim1                                    0x240003bc   Data          64  tim.o(.bss.htim1)
    huart2                                   0x240003fc   Data         140  usart.o(.bss.huart2)
    linebuff                                 0x24000488   Data        1024  main.o(.bss.linebuff)
    sendData                                 0x24000888   Data        1024  main.o(.bss.sendData)
    uart_buff                                0x24000c88   Data        1024  bsp_blt_usart.o(.bss.uart_buff)
    uart_p                                   0x24001088   Data           2  bsp_blt_usart.o(.bss.uart_p)
    __heap_base                              0x24001090   Data           0  startup_stm32h743xx.o(HEAP)
    __heap_limit                             0x24009090   Data           0  startup_stm32h743xx.o(HEAP)
    __initial_sp                             0x2400b090   Data           0  startup_stm32h743xx.o(STACK)



==============================================================================

Memory Map of the image

  Image Entry point : 0x08000299

  Load Region LR_IROM1 (Base: 0x08000000, Size: 0x000090f8, Max: 0x00100000, ABSOLUTE)

    Execution Region ER_IROM1 (Exec base: 0x08000000, Load base: 0x08000000, Size: 0x000090c8, Max: 0x00100000, ABSOLUTE)

    Exec Addr    Load Addr    Size         Type   Attr      Idx    E Section Name        Object

    0x08000000   0x08000000   0x00000298   Data   RO            3    RESET               startup_stm32h743xx.o
    0x08000298   0x08000298   0x00000000   Code   RO         2692  * .ARM.Collect$$$$00000000  mc_w.l(entry.o)
    0x08000298   0x08000298   0x00000004   Code   RO         3014    .ARM.Collect$$$$00000001  mc_w.l(entry2.o)
    0x0800029c   0x0800029c   0x00000004   Code   RO         3017    .ARM.Collect$$$$00000004  mc_w.l(entry5.o)
    0x080002a0   0x080002a0   0x00000000   Code   RO         3019    .ARM.Collect$$$$00000008  mc_w.l(entry7b.o)
    0x080002a0   0x080002a0   0x00000000   Code   RO         3021    .ARM.Collect$$$$0000000A  mc_w.l(entry8b.o)
    0x080002a0   0x080002a0   0x00000008   Code   RO         3022    .ARM.Collect$$$$0000000B  mc_w.l(entry9a.o)
    0x080002a8   0x080002a8   0x00000000   Code   RO         3024    .ARM.Collect$$$$0000000D  mc_w.l(entry10a.o)
    0x080002a8   0x080002a8   0x00000000   Code   RO         3026    .ARM.Collect$$$$0000000F  mc_w.l(entry11a.o)
    0x080002a8   0x080002a8   0x00000004   Code   RO         3015    .ARM.Collect$$$$00002712  mc_w.l(entry2.o)
    0x080002ac   0x080002ac   0x00000024   Code   RO            4    .text               startup_stm32h743xx.o
    0x080002d0   0x080002d0   0x00000062   Code   RO         2702    .text               mc_w.l(uldiv.o)
    0x08000332   0x08000332   0x00000002   PAD
    0x08000334   0x08000334   0x00000024   Code   RO         2704    .text               mc_w.l(rand.o)
    0x08000358   0x08000358   0x00000024   Code   RO         2707    .text               mc_w.l(memseta.o)
    0x0800037c   0x0800037c   0x00000024   Code   RO         2709    .text               mc_w.l(strstr.o)
    0x080003a0   0x080003a0   0x00000014   Code   RO         2711    .text               mc_w.l(strchr.o)
    0x080003b4   0x080003b4   0x0000001c   Code   RO         2715    .text               mc_w.l(strcmp.o)
    0x080003d0   0x080003d0   0x0000001a   Code   RO         2717    .text               mc_w.l(memcmp.o)
    0x080003ea   0x080003ea   0x00000012   Code   RO         2719    .text               mc_w.l(strcpy.o)
    0x080003fc   0x080003fc   0x0000001e   Code   RO         3040    .text               mc_w.l(llshl.o)
    0x0800041a   0x0800041a   0x00000020   Code   RO         3042    .text               mc_w.l(llushr.o)
    0x0800043a   0x0800043a   0x00000002   PAD
    0x0800043c   0x0800043c   0x00000030   Code   RO         3063    .text               mc_w.l(init.o)
    0x0800046c   0x0800046c   0x00000004   PAD
    0x08000470   0x08000470   0x000000c6   Code   RO         2563    .text.BLT_USART_Config  bsp_blt_usart.o
    0x08000536   0x08000536   0x00000002   PAD
    0x08000538   0x08000538   0x00000026   Code   RO         2565    .text.BLT_Usart_SendString  bsp_blt_usart.o
    0x0800055e   0x0800055e   0x00000002   PAD
    0x08000560   0x08000560   0x00000002   Code   RO         2115    .text.BusFault_Handler  stm32h7xx_it.o
    0x08000562   0x08000562   0x00000006   PAD
    0x08000568   0x08000568   0x00000056   Code   RO         2162    .text.CPU_TS_Tmr_Delay_US  core_delay.o
    0x080005be   0x080005be   0x00000002   PAD
    0x080005c0   0x080005c0   0x00000026   Code   RO         2357    .text.Clock_init    gui_paint.o
    0x080005e6   0x080005e6   0x00000002   PAD
    0x080005e8   0x080005e8   0x000000d0   Code   RO         2388    .text.DEBUG_USART_Config  bsp_debug_usart.o
    0x080006b8   0x080006b8   0x0000002e   Code   RO         2287    .text.DWT_Init      rgbmatrix_device.o
    0x080006e6   0x080006e6   0x00000002   PAD
    0x080006e8   0x080006e8   0x00000002   Code   RO         2121    .text.DebugMon_Handler  stm32h7xx_it.o
    0x080006ea   0x080006ea   0x00000006   PAD
    0x080006f0   0x080006f0   0x00000024   Code   RO         2256    .text.EXTI0_IRQHandler  bsp_exti.o
    0x08000714   0x08000714   0x00000004   PAD
    0x08000718   0x08000718   0x00000026   Code   RO         2258    .text.EXTI15_10_IRQHandler  bsp_exti.o
    0x0800073e   0x0800073e   0x00000002   PAD
    0x08000740   0x08000740   0x0000000a   Code   RO         2092    .text.Error_Handler  main.o
    0x0800074a   0x0800074a   0x00000006   PAD
    0x08000750   0x08000750   0x0000023c   Code   RO          286    .text.HAL_DMA_Abort_IT  stm32h7xx_hal_dma.o
    0x0800098c   0x0800098c   0x00000004   PAD
    0x08000990   0x08000990   0x0000019a   Code   RO          218    .text.HAL_GPIO_Init  stm32h7xx_hal_gpio.o
    0x08000b2a   0x08000b2a   0x00000006   PAD
    0x08000b30   0x08000b30   0x0000000a   Code   RO          222    .text.HAL_GPIO_ReadPin  stm32h7xx_hal_gpio.o
    0x08000b3a   0x08000b3a   0x00000006   PAD
    0x08000b40   0x08000b40   0x0000000a   Code   RO          224    .text.HAL_GPIO_WritePin  stm32h7xx_hal_gpio.o
    0x08000b4a   0x08000b4a   0x00000006   PAD
    0x08000b50   0x08000b50   0x0000000e   Code   RO          538    .text.HAL_GetREVID  stm32h7xx_hal.o
    0x08000b5e   0x08000b5e   0x00000002   PAD
    0x08000b60   0x08000b60   0x0000001e   Code   RO         2160    .text.HAL_GetTick   core_delay.o
    0x08000b7e   0x08000b7e   0x00000002   PAD
    0x08000b80   0x08000b80   0x00000064   Code   RO          510    .text.HAL_Init      stm32h7xx_hal.o
    0x08000be4   0x08000be4   0x00000004   PAD
    0x08000be8   0x08000be8   0x00000026   Code   RO         2156    .text.HAL_InitTick  core_delay.o
    0x08000c0e   0x08000c0e   0x00000002   PAD
    0x08000c10   0x08000c10   0x00000020   Code   RO         2139    .text.HAL_MspInit   stm32h7xx_hal_msp.o
    0x08000c30   0x08000c30   0x00000022   Code   RO           15    .text.HAL_NVIC_EnableIRQ  stm32h7xx_hal_cortex.o
    0x08000c52   0x08000c52   0x00000006   PAD
    0x08000c58   0x08000c58   0x0000005a   Code   RO           13    .text.HAL_NVIC_SetPriority  stm32h7xx_hal_cortex.o
    0x08000cb2   0x08000cb2   0x00000006   PAD
    0x08000cb8   0x08000cb8   0x00000020   Code   RO           11    .text.HAL_NVIC_SetPriorityGrouping  stm32h7xx_hal_cortex.o
    0x08000cd8   0x08000cd8   0x00000030   Code   RO          115    .text.HAL_RCCEx_GetD1SysClockFreq  stm32h7xx_hal_rcc_ex.o
    0x08000d08   0x08000d08   0x00000026   Code   RO          113    .text.HAL_RCCEx_GetD3PCLK1Freq  stm32h7xx_hal_rcc_ex.o
    0x08000d2e   0x08000d2e   0x00000002   PAD
    0x08000d30   0x08000d30   0x0000012c   Code   RO          107    .text.HAL_RCCEx_GetPLL2ClockFreq  stm32h7xx_hal_rcc_ex.o
    0x08000e5c   0x08000e5c   0x00000004   PAD
    0x08000e60   0x08000e60   0x0000012c   Code   RO          109    .text.HAL_RCCEx_GetPLL3ClockFreq  stm32h7xx_hal_rcc_ex.o
    0x08000f8c   0x08000f8c   0x00000004   PAD
    0x08000f90   0x08000f90   0x00000c4c   Code   RO           95    .text.HAL_RCCEx_PeriphCLKConfig  stm32h7xx_hal_rcc_ex.o
    0x08001bdc   0x08001bdc   0x00000004   PAD
    0x08001be0   0x08001be0   0x00000238   Code   RO           63    .text.HAL_RCC_ClockConfig  stm32h7xx_hal_rcc.o
    0x08001e18   0x08001e18   0x00000030   Code   RO           73    .text.HAL_RCC_GetHCLKFreq  stm32h7xx_hal_rcc.o
    0x08001e48   0x08001e48   0x00000040   Code   RO           75    .text.HAL_RCC_GetPCLK1Freq  stm32h7xx_hal_rcc.o
    0x08001e88   0x08001e88   0x00000040   Code   RO           77    .text.HAL_RCC_GetPCLK2Freq  stm32h7xx_hal_rcc.o
    0x08001ec8   0x08001ec8   0x00000118   Code   RO           65    .text.HAL_RCC_GetSysClockFreq  stm32h7xx_hal_rcc.o
    0x08001fe0   0x08001fe0   0x000004c6   Code   RO           61    .text.HAL_RCC_OscConfig  stm32h7xx_hal_rcc.o
    0x080024a6   0x080024a6   0x00000002   PAD
    0x080024a8   0x080024a8   0x0000002e   Code   RO           23    .text.HAL_SYSTICK_Config  stm32h7xx_hal_cortex.o
    0x080024d6   0x080024d6   0x00000002   PAD
    0x080024d8   0x080024d8   0x00000002   Code   RO         1125    .text.HAL_TIMEx_Break2Callback  stm32h7xx_hal_tim_ex.o
    0x080024da   0x080024da   0x00000006   PAD
    0x080024e0   0x080024e0   0x00000002   Code   RO         1123    .text.HAL_TIMEx_BreakCallback  stm32h7xx_hal_tim_ex.o
    0x080024e2   0x080024e2   0x00000006   PAD
    0x080024e8   0x080024e8   0x00000002   Code   RO         1119    .text.HAL_TIMEx_CommutCallback  stm32h7xx_hal_tim_ex.o
    0x080024ea   0x080024ea   0x00000006   PAD
    0x080024f0   0x080024f0   0x0000005e   Code   RO         1107    .text.HAL_TIMEx_MasterConfigSynchronization  stm32h7xx_hal_tim_ex.o
    0x0800254e   0x0800254e   0x00000002   PAD
    0x08002550   0x08002550   0x00000034   Code   RO          822    .text.HAL_TIM_Base_Init  stm32h7xx_hal_tim.o
    0x08002584   0x08002584   0x00000004   PAD
    0x08002588   0x08002588   0x00000042   Code   RO         2174    .text.HAL_TIM_Base_MspInit  tim.o
    0x080025ca   0x080025ca   0x00000006   PAD
    0x080025d0   0x080025d0   0x00000030   Code   RO          836    .text.HAL_TIM_Base_Start_IT  stm32h7xx_hal_tim.o
    0x08002600   0x08002600   0x000001e2   Code   RO         1002    .text.HAL_TIM_ConfigClockSource  stm32h7xx_hal_tim.o
    0x080027e2   0x080027e2   0x00000006   PAD
    0x080027e8   0x080027e8   0x00000002   Code   RO          958    .text.HAL_TIM_IC_CaptureCallback  stm32h7xx_hal_tim.o
    0x080027ea   0x080027ea   0x00000006   PAD
    0x080027f0   0x080027f0   0x0000018c   Code   RO          956    .text.HAL_TIM_IRQHandler  stm32h7xx_hal_tim.o
    0x0800297c   0x0800297c   0x00000004   PAD
    0x08002980   0x08002980   0x00000002   Code   RO          960    .text.HAL_TIM_OC_DelayElapsedCallback  stm32h7xx_hal_tim.o
    0x08002982   0x08002982   0x00000006   PAD
    0x08002988   0x08002988   0x00000002   Code   RO          962    .text.HAL_TIM_PWM_PulseFinishedCallback  stm32h7xx_hal_tim.o
    0x0800298a   0x0800298a   0x00000006   PAD
    0x08002990   0x08002990   0x00000110   Code   RO         2178    .text.HAL_TIM_PeriodElapsedCallback  tim.o
    0x08002aa0   0x08002aa0   0x00000002   Code   RO          966    .text.HAL_TIM_TriggerCallback  stm32h7xx_hal_tim.o
    0x08002aa2   0x08002aa2   0x00000006   PAD
    0x08002aa8   0x08002aa8   0x00000002   Code   RO         1871    .text.HAL_UARTEx_RxFifoFullCallback  stm32h7xx_hal_uart_ex.o
    0x08002aaa   0x08002aaa   0x00000006   PAD
    0x08002ab0   0x08002ab0   0x00000002   Code   RO         1873    .text.HAL_UARTEx_TxFifoEmptyCallback  stm32h7xx_hal_uart_ex.o
    0x08002ab2   0x08002ab2   0x00000006   PAD
    0x08002ab8   0x08002ab8   0x00000002   Code   RO         1869    .text.HAL_UARTEx_WakeupCallback  stm32h7xx_hal_uart_ex.o
    0x08002aba   0x08002aba   0x00000006   PAD
    0x08002ac0   0x08002ac0   0x00000002   Code   RO         1233    .text.HAL_UART_ErrorCallback  stm32h7xx_hal_uart.o
    0x08002ac2   0x08002ac2   0x00000006   PAD
    0x08002ac8   0x08002ac8   0x00000208   Code   RO         1229    .text.HAL_UART_IRQHandler  stm32h7xx_hal_uart.o
    0x08002cd0   0x08002cd0   0x00000062   Code   RO         1137    .text.HAL_UART_Init  stm32h7xx_hal_uart.o
    0x08002d32   0x08002d32   0x00000006   PAD
    0x08002d38   0x08002d38   0x0000007e   Code   RO         2191    .text.HAL_UART_MspInit  usart.o
    0x08002db6   0x08002db6   0x00000002   PAD
    0x08002db8   0x08002db8   0x000000fc   Code   RO         1161    .text.HAL_UART_Receive  stm32h7xx_hal_uart.o
    0x08002eb4   0x08002eb4   0x00000004   PAD
    0x08002eb8   0x08002eb8   0x000000d6   Code   RO         1157    .text.HAL_UART_Transmit  stm32h7xx_hal_uart.o
    0x08002f8e   0x08002f8e   0x00000002   PAD
    0x08002f90   0x08002f90   0x00000002   Code   RO         1235    .text.HAL_UART_TxCpltCallback  stm32h7xx_hal_uart.o
    0x08002f92   0x08002f92   0x00000006   PAD
    0x08002f98   0x08002f98   0x000000ac   Code   RO         2588    .text.HC05_Init     bsp_hc05.o
    0x08003044   0x08003044   0x00000004   PAD
    0x08003048   0x08003048   0x0000001e   Code   RO         2586    .text.HC05_SendString  bsp_hc05.o
    0x08003066   0x08003066   0x00000002   PAD
    0x08003068   0x08003068   0x00000450   Code   RO         2584    .text.HC05_Send_CMD  bsp_hc05.o
    0x080034b8   0x080034b8   0x0000003c   Code   RO         2295    .text.HUB75_Init    rgbmatrix_device.o
    0x080034f4   0x080034f4   0x00000004   PAD
    0x080034f8   0x080034f8   0x00000020   Code   RO         2293    .text.HUB75_show    rgbmatrix_device.o
    0x08003518   0x08003518   0x00000002   Code   RO         2111    .text.HardFault_Handler  stm32h7xx_it.o
    0x0800351a   0x0800351a   0x00000006   PAD
    0x08003520   0x08003520   0x0000005e   Code   RO         2224    .text.Key_GPIO_Config  bsp_key.o
    0x0800357e   0x0800357e   0x00000002   PAD
    0x08003580   0x08003580   0x00000024   Code   RO         2226    .text.Key_Scan      bsp_key.o
    0x080035a4   0x080035a4   0x00000004   PAD
    0x080035a8   0x080035a8   0x000000a0   Code   RO         2206    .text.LED_GPIO_Config  bsp_led.o
    0x08003648   0x08003648   0x00000168   Code   RO         2147    .text.MX_GPIO_Init  gpio.o
    0x080037b0   0x080037b0   0x00000074   Code   RO         2172    .text.MX_TIM1_Init  tim.o
    0x08003824   0x08003824   0x00000004   PAD
    0x08003828   0x08003828   0x0000003c   Code   RO         2189    .text.MX_USART2_UART_Init  usart.o
    0x08003864   0x08003864   0x00000004   PAD
    0x08003868   0x08003868   0x00000002   Code   RO         2113    .text.MemManage_Handler  stm32h7xx_it.o
    0x0800386a   0x0800386a   0x00000006   PAD
    0x08003870   0x08003870   0x00000002   Code   RO         2109    .text.NMI_Handler   stm32h7xx_it.o
    0x08003872   0x08003872   0x00000006   PAD
    0x08003878   0x08003878   0x0000009a   Code   RO         2323    .text.Paint_Clear   gui_paint.o
    0x08003912   0x08003912   0x00000006   PAD
    0x08003918   0x08003918   0x000003bc   Code   RO         2335    .text.Paint_DrawChar  gui_paint.o
    0x08003cd4   0x08003cd4   0x00000004   PAD
    0x08003cd8   0x08003cd8   0x00000b40   Code   RO         2333    .text.Paint_DrawCircle  gui_paint.o
    0x08004818   0x08004818   0x000001a6   Code   RO         2327    .text.Paint_DrawPoint  gui_paint.o
    0x080049be   0x080049be   0x00000002   PAD
    0x080049c0   0x080049c0   0x00000290   Code   RO         2331    .text.Paint_DrawRectangle  gui_paint.o
    0x08004c50   0x08004c50   0x00000050   Code   RO         2313    .text.Paint_NewImage  gui_paint.o
    0x08004ca0   0x08004ca0   0x000000f2   Code   RO         2321    .text.Paint_SetPixel  gui_paint.o
    0x08004d92   0x08004d92   0x00000006   PAD
    0x08004d98   0x08004d98   0x00000826   Code   RO         2359    .text.Paint_System_Start  gui_paint.o
    0x080055be   0x080055be   0x00000002   PAD
    0x080055c0   0x080055c0   0x00000002   Code   RO         2123    .text.PendSV_Handler  stm32h7xx_it.o
    0x080055c2   0x080055c2   0x00000006   PAD
    0x080055c8   0x080055c8   0x00000122   Code   RO           97    .text.RCCEx_PLL2_Config  stm32h7xx_hal_rcc_ex.o
    0x080056ea   0x080056ea   0x00000006   PAD
    0x080056f0   0x080056f0   0x00000122   Code   RO           99    .text.RCCEx_PLL3_Config  stm32h7xx_hal_rcc_ex.o
    0x08005812   0x08005812   0x00000006   PAD
    0x08005818   0x08005818   0x00000584   Code   RO         2297    .text.RGBMatrixWrite_565Data  rgbmatrix_device.o
    0x08005d9c   0x08005d9c   0x00000004   PAD
    0x08005da0   0x08005da0   0x00000002   Code   RO         2119    .text.SVC_Handler   stm32h7xx_it.o
    0x08005da2   0x08005da2   0x00000006   PAD
    0x08005da8   0x08005da8   0x00000032   Code   RO         2125    .text.SysTick_Handler  stm32h7xx_it.o
    0x08005dda   0x08005dda   0x00000006   PAD
    0x08005de0   0x08005de0   0x0000002a   Code   RO         2267    .text.SysTick_Init  bsp_systick.o
    0x08005e0a   0x08005e0a   0x00000006   PAD
    0x08005e10   0x08005e10   0x000000c4   Code   RO         2244    .text.SystemClock_Config  bsp_clkconfig.o
    0x08005ed4   0x08005ed4   0x00000004   PAD
    0x08005ed8   0x08005ed8   0x000000b0   Code   RO         2076    .text.SystemInit    system_stm32h7xx_1.o
    0x08005f88   0x08005f88   0x0000000c   Code   RO         2129    .text.TIM1_UP_IRQHandler  stm32h7xx_it.o
    0x08005f94   0x08005f94   0x00000004   PAD
    0x08005f98   0x08005f98   0x0000014c   Code   RO          826    .text.TIM_Base_SetConfig  stm32h7xx_hal_tim.o
    0x080060e4   0x080060e4   0x00000004   PAD
    0x080060e8   0x080060e8   0x00000010   Code   RO         2275    .text.TimeStamp_Increment  bsp_systick.o
    0x080060f8   0x080060f8   0x00000018   Code   RO         2273    .text.TimingDelay_Decrement  bsp_systick.o
    0x08006110   0x08006110   0x000000e0   Code   RO         1143    .text.UART_AdvFeatureConfig  stm32h7xx_hal_uart.o
    0x080061f0   0x080061f0   0x000000e8   Code   RO         1145    .text.UART_CheckIdleState  stm32h7xx_hal_uart.o
    0x080062d8   0x080062d8   0x00000010   Code   RO         1231    .text.UART_DMAAbortOnError  stm32h7xx_hal_uart.o
    0x080062e8   0x080062e8   0x00000710   Code   RO         1141    .text.UART_SetConfig  stm32h7xx_hal_uart.o
    0x080069f8   0x080069f8   0x000000f2   Code   RO         1159    .text.UART_WaitOnFlagUntilTimeout  stm32h7xx_hal_uart.o
    0x08006aea   0x08006aea   0x00000006   PAD
    0x08006af0   0x08006af0   0x00000004   Code   RO         2127    .text.USART6_IRQHandler  stm32h7xx_it.o
    0x08006af4   0x08006af4   0x00000004   PAD
    0x08006af8   0x08006af8   0x00000002   Code   RO         2117    .text.UsageFault_Handler  stm32h7xx_it.o
    0x08006afa   0x08006afa   0x00000006   PAD
    0x08006b00   0x08006b00   0x00000038   Code   RO         2299    .text.Wheel         rgbmatrix_device.o
    0x08006b38   0x08006b38   0x0000007a   Code   RO         2567    .text.bsp_USART_Process  bsp_blt_usart.o
    0x08006bb2   0x08006bb2   0x00000006   PAD
    0x08006bb8   0x08006bb8   0x00000020   Code   RO         2569    .text.clean_rebuff  bsp_blt_usart.o
    0x08006bd8   0x08006bd8   0x00000020   Code   RO         2392    .text.fputc         bsp_debug_usart.o
    0x08006bf8   0x08006bf8   0x000001a8   Code   RO         2602    .text.getRemoteDeviceName  bsp_hc05.o
    0x08006da0   0x08006da0   0x00000062   Code   RO         2594    .text.get_line      bsp_hc05.o
    0x08006e02   0x08006e02   0x00000006   PAD
    0x08006e08   0x08006e08   0x00000018   Code   RO         2571    .text.get_rebuff    bsp_blt_usart.o
    0x08006e20   0x08006e20   0x00000012   Code   RO         2271    .text.get_tick_count  bsp_systick.o
    0x08006e32   0x08006e32   0x00000006   PAD
    0x08006e38   0x08006e38   0x000001b0   Code   RO         2606    .text.linkHC05      bsp_hc05.o
    0x08006fe8   0x08006fe8   0x00000620   Code   RO         2090    .text.main          main.o
    0x08007608   0x08007608   0x00000340   Code   RO         2598    .text.parseBluetoothAddress  bsp_hc05.o
    0x08007948   0x08007948   0x00000020   Code   RO         2932    i.__0printf$8       mc_w.l(printf8.o)
    0x08007968   0x08007968   0x00000028   Code   RO         2934    i.__0sprintf$8      mc_w.l(printf8.o)
    0x08007990   0x08007990   0x0000000e   Code   RO         3071    i.__scatterload_copy  mc_w.l(handlers.o)
    0x0800799e   0x0800799e   0x00000002   Code   RO         3072    i.__scatterload_null  mc_w.l(handlers.o)
    0x080079a0   0x080079a0   0x0000000e   Code   RO         3073    i.__scatterload_zeroinit  mc_w.l(handlers.o)
    0x080079ae   0x080079ae   0x00000002   PAD
    0x080079b0   0x080079b0   0x00000410   Code   RO         2939    i._printf_core      mc_w.l(printf8.o)
    0x08007dc0   0x08007dc0   0x00000024   Code   RO         2940    i._printf_post_padding  mc_w.l(printf8.o)
    0x08007de4   0x08007de4   0x0000002e   Code   RO         2941    i._printf_pre_padding  mc_w.l(printf8.o)
    0x08007e12   0x08007e12   0x0000000a   Code   RO         2943    i._sputc            mc_w.l(printf8.o)
    0x08007e1c   0x08007e1c   0x0000006c   Code   RO         2987    i.malloc            mc_w.l(malloc.o)
    0x08007e88   0x08007e88   0x00000024   Code   RO         2695    i.puts              mc_w.l(puts.o)
    0x08007eac   0x08007eac   0x0000002c   Data   RO         1267    .rodata..Lswitch.table.UART_SetConfig.37  stm32h7xx_hal_uart.o
    0x08007ed8   0x08007ed8   0x00000016   Data   RO         1268    .rodata..Lswitch.table.UART_SetConfig.38  stm32h7xx_hal_uart.o
    0x08007eee   0x08007eee   0x00000006   Data   RO         1265    .rodata..Lswitch.table.UART_SetConfig.5  stm32h7xx_hal_uart.o
    0x08007ef4   0x08007ef4   0x00000006   Data   RO         1266    .rodata..Lswitch.table.UART_SetConfig.7  stm32h7xx_hal_uart.o
    0x08007efa   0x08007efa   0x00000010   Data   RO         2080    .rodata.D1CorePrescTable  system_stm32h7xx_1.o
    0x08007f0a   0x08007f0a   0x00000be0   Data   RO         2665    .rodata.Font16_Table  font16.o
    0x08008aea   0x08008aea   0x0000029e   Data   RO         2094    .rodata.str1.1      main.o
    0x08008d88   0x08008d88   0x0000011e   Data   RO         2365    .rodata.str1.1      gui_paint.o
    0x08008ea6   0x08008ea6   0x00000201   Data   RO         2608    .rodata.str1.1      bsp_hc05.o
    0x080090a7   0x080090a7   0x00000001   PAD
    0x080090a8   0x080090a8   0x00000020   Data   RO         3070    Region$$Table       anon$$obj.o


    Execution Region RW_IRAM1 (Exec base: 0x20000000, Load base: 0x080090c8, Size: 0x00000000, Max: 0x00020000, ABSOLUTE)

    **** No section assigned to this execution region ****


    Execution Region RW_IRAM2 (Exec base: 0x24000000, Load base: 0x080090c8, Size: 0x0000b090, Max: 0x00080000, ABSOLUTE)

    Exec Addr    Load Addr    Size         Type   Attr      Idx    E Section Name        Object

    0x24000000   0x080090c8   0x00000004   Data   RW         2705    .data               mc_w.l(rand.o)
    0x24000004   0x080090cc   0x00000004   Data   RW         3028    .data               mc_w.l(stdout.o)
    0x24000008   0x080090d0   0x00000004   Data   RW         3050    .data               mc_w.l(mvars.o)
    0x2400000c   0x080090d4   0x00000004   Data   RW         3051    .data               mc_w.l(mvars.o)
    0x24000010   0x080090d8   0x00000008   Data   RW          615    .data..L_MergedGlobals  stm32h7xx_hal.o
    0x24000018   0x080090e0   0x00000008   Data   RW         2081    .data..L_MergedGlobals  system_stm32h7xx_1.o
    0x24000020   0x080090e8   0x00000006   Data   RW         2304    .data..L_MergedGlobals  rgbmatrix_device.o
    0x24000026   0x080090ee   0x00000002   PAD
    0x24000028   0x080090f0   0x00000008   Data   RW         2666    .data.Font16        font16.o
    0x24000030        -       0x00000010   Zero   RW         2100    .bss..L_MergedGlobals  main.o
    0x24000040        -       0x00000020   Zero   RW         2367    .bss..L_MergedGlobals  gui_paint.o
    0x24000060        -       0x0000008c   Zero   RW         2574    .bss.BLT_UartHandle  bsp_blt_usart.o
    0x240000ec        -       0x00000018   Zero   RW         2303    .bss.RGB_Matrix     rgbmatrix_device.o
    0x24000104        -       0x00000004   Zero   RW         2278    .bss.TimingDelay    bsp_systick.o
    0x24000108        -       0x0000008c   Zero   RW         2396    .bss.UartHandle     bsp_debug_usart.o
    0x24000194        -       0x00000004   Zero   RW         2302    .bss._PM_timerSave  rgbmatrix_device.o
    0x24000198        -       0x00000220   Zero   RW         2097    .bss.bltDevList     main.o
    0x240003b8        -       0x00000004   Zero   RW         2277    .bss.g_ul_ms_ticks  bsp_systick.o
    0x240003bc        -       0x00000040   Zero   RW         2180    .bss.htim1          tim.o
    0x240003fc        -       0x0000008c   Zero   RW         2197    .bss.huart2         usart.o
    0x24000488        -       0x00000400   Zero   RW         2095    .bss.linebuff       main.o
    0x24000888        -       0x00000400   Zero   RW         2096    .bss.sendData       main.o
    0x24000c88        -       0x00000400   Zero   RW         2575    .bss.uart_buff      bsp_blt_usart.o
    0x24001088        -       0x00000002   Zero   RW         2573    .bss.uart_p         bsp_blt_usart.o
    0x2400108a   0x080090f8   0x00000006   PAD
    0x24001090        -       0x00008000   Zero   RW            2    HEAP                startup_stm32h743xx.o
    0x24009090        -       0x00002000   Zero   RW            1    STACK               startup_stm32h743xx.o


==============================================================================

Image component sizes


      Code (inc. data)   RO Data    RW Data    ZI Data      Debug   Object Name

       414          0          0          0       1166      11626   bsp_blt_usart.o
       196          0          0          0          0       7241   bsp_clkconfig.o
       240          0          0          0        140      11460   bsp_debug_usart.o
        74          0          0          0          0       6437   bsp_exti.o
      3092        272        513          0          0      12904   bsp_hc05.o
       130          0          0          0          0       3201   bsp_key.o
       160          0          0          0          0       3775   bsp_led.o
       100          0          0          0          8       1269   bsp_systick.o
       154          0          0          0          0       1740   core_delay.o
         0          0       3040          8          0        701   font16.o
       360          0          0          0          0       3068   gpio.o
      7514        210        286          0         32      60289   gui_paint.o
      1578        148        670          0       2608       3721   main.o
      1606          0          0          6         28       6190   rgbmatrix_device.o
        36          8        664          0      40960        808   startup_stm32h743xx.o
       114          0          0          8          0      15299   stm32h7xx_hal.o
       202          0          0          0          0      12220   stm32h7xx_hal_cortex.o
       572          0          0          0          0      16654   stm32h7xx_hal_dma.o
       430          0          0          0          0       6894   stm32h7xx_hal_gpio.o
        32          0          0          0          0       2220   stm32h7xx_hal_msp.o
      2246         16          0          0          0      11018   stm32h7xx_hal_rcc.o
      4414        174          0          0          0      17884   stm32h7xx_hal_rcc_ex.o
      1318          0          0          0          0      56684   stm32h7xx_hal_tim.o
       100          0          0          0          0      20241   stm32h7xx_hal_tim_ex.o
      3610        366         78          0          0      27753   stm32h7xx_hal_uart.o
         6          0          0          0          0       8724   stm32h7xx_hal_uart_ex.o
        82          0          0          0          0       4795   stm32h7xx_it.o
       176          0         16          8          0       5580   system_stm32h7xx_1.o
       454          0          0          0         64      10319   tim.o
       186          0          0          0        140       6808   usart.o

    ----------------------------------------------------------------------
     29948       1206       5300         32      45152     357523   Object Totals
         0          0         32          0          0          0   (incl. Generated)
       352         12          1          2          6          0   (incl. Padding)

    ----------------------------------------------------------------------

      Code (inc. data)   RO Data    RW Data    ZI Data      Debug   Library Member Name

         0          0          0          0          0          0   entry.o
         0          0          0          0          0          0   entry10a.o
         0          0          0          0          0          0   entry11a.o
         8          4          0          0          0          0   entry2.o
         4          0          0          0          0          0   entry5.o
         0          0          0          0          0          0   entry7b.o
         0          0          0          0          0          0   entry8b.o
         8          4          0          0          0          0   entry9a.o
        30          0          0          0          0          0   handlers.o
        48         10          0          0          0         68   init.o
        30          0          0          0          0         68   llshl.o
        32          0          0          0          0         68   llushr.o
       108         16          0          0          0         84   malloc.o
        26          0          0          0          0         80   memcmp.o
        36          0          0          0          0        108   memseta.o
         0          0          0          8          0          0   mvars.o
      1204         60          0          0          0        504   printf8.o
        36          6          0          0          0         80   puts.o
        36         10          0          4          0        136   rand.o
         0          0          0          4          0          0   stdout.o
        20          0          0          0          0         68   strchr.o
        28          0          0          0          0         76   strcmp.o
        18          0          0          0          0         68   strcpy.o
        36          0          0          0          0         80   strstr.o
        98          0          0          0          0         92   uldiv.o

    ----------------------------------------------------------------------
      1816        114          0         16          0       1580   Library Totals
        10          4          0          0          0          0   (incl. Padding)

    ----------------------------------------------------------------------

      Code (inc. data)   RO Data    RW Data    ZI Data      Debug   Library Name

      1806        110          0         16          0       1580   mc_w.l

    ----------------------------------------------------------------------
      1816        114          0         16          0       1580   Library Totals

    ----------------------------------------------------------------------

==============================================================================


      Code (inc. data)   RO Data    RW Data    ZI Data      Debug   

     31764       1320       5300         48      45152     357987   Grand Totals
     31764       1320       5300         48      45152     357987   ELF Image Totals
     31764       1320       5300         48          0          0   ROM Totals

==============================================================================

    Total RO  Size (Code + RO Data)                37064 (  36.20kB)
    Total RW  Size (RW Data + ZI Data)             45200 (  44.14kB)
    Total ROM Size (Code + RO Data + RW Data)      37112 (  36.24kB)

==============================================================================

